Archive member included to satisfy reference by file (symbol)

c:/st/stm32cubeide_1.10.1/stm32cubeide/plugins/com.st.stm32cube.ide.mcu.externaltools.gnu-tools-for-stm32.10.3-2021.10.win32_1.0.0.202111181127/tools/bin/../lib/gcc/arm-none-eabi/10.3.1/../../../../arm-none-eabi/lib/thumb/v7e-m+fp/hard\libc_nano.a(lib_a-errno.o)
                              ./Core/Src/syscalls.o (__errno)
c:/st/stm32cubeide_1.10.1/stm32cubeide/plugins/com.st.stm32cube.ide.mcu.externaltools.gnu-tools-for-stm32.10.3-2021.10.win32_1.0.0.202111181127/tools/bin/../lib/gcc/arm-none-eabi/10.3.1/../../../../arm-none-eabi/lib/thumb/v7e-m+fp/hard\libc_nano.a(lib_a-exit.o)
                              c:/st/stm32cubeide_1.10.1/stm32cubeide/plugins/com.st.stm32cube.ide.mcu.externaltools.gnu-tools-for-stm32.10.3-2021.10.win32_1.0.0.202111181127/tools/bin/../lib/gcc/arm-none-eabi/10.3.1/../../../../arm-none-eabi/lib/thumb/v7e-m+fp/hard/crt0.o (exit)
c:/st/stm32cubeide_1.10.1/stm32cubeide/plugins/com.st.stm32cube.ide.mcu.externaltools.gnu-tools-for-stm32.10.3-2021.10.win32_1.0.0.202111181127/tools/bin/../lib/gcc/arm-none-eabi/10.3.1/../../../../arm-none-eabi/lib/thumb/v7e-m+fp/hard\libc_nano.a(lib_a-impure.o)
                              c:/st/stm32cubeide_1.10.1/stm32cubeide/plugins/com.st.stm32cube.ide.mcu.externaltools.gnu-tools-for-stm32.10.3-2021.10.win32_1.0.0.202111181127/tools/bin/../lib/gcc/arm-none-eabi/10.3.1/../../../../arm-none-eabi/lib/thumb/v7e-m+fp/hard\libc_nano.a(lib_a-exit.o) (_global_impure_ptr)
c:/st/stm32cubeide_1.10.1/stm32cubeide/plugins/com.st.stm32cube.ide.mcu.externaltools.gnu-tools-for-stm32.10.3-2021.10.win32_1.0.0.202111181127/tools/bin/../lib/gcc/arm-none-eabi/10.3.1/../../../../arm-none-eabi/lib/thumb/v7e-m+fp/hard\libc_nano.a(lib_a-init.o)
                              c:/st/stm32cubeide_1.10.1/stm32cubeide/plugins/com.st.stm32cube.ide.mcu.externaltools.gnu-tools-for-stm32.10.3-2021.10.win32_1.0.0.202111181127/tools/bin/../lib/gcc/arm-none-eabi/10.3.1/../../../../arm-none-eabi/lib/thumb/v7e-m+fp/hard/crt0.o (__libc_init_array)
c:/st/stm32cubeide_1.10.1/stm32cubeide/plugins/com.st.stm32cube.ide.mcu.externaltools.gnu-tools-for-stm32.10.3-2021.10.win32_1.0.0.202111181127/tools/bin/../lib/gcc/arm-none-eabi/10.3.1/../../../../arm-none-eabi/lib/thumb/v7e-m+fp/hard\libc_nano.a(lib_a-memset.o)
                              c:/st/stm32cubeide_1.10.1/stm32cubeide/plugins/com.st.stm32cube.ide.mcu.externaltools.gnu-tools-for-stm32.10.3-2021.10.win32_1.0.0.202111181127/tools/bin/../lib/gcc/arm-none-eabi/10.3.1/../../../../arm-none-eabi/lib/thumb/v7e-m+fp/hard/crt0.o (memset)
c:/st/stm32cubeide_1.10.1/stm32cubeide/plugins/com.st.stm32cube.ide.mcu.externaltools.gnu-tools-for-stm32.10.3-2021.10.win32_1.0.0.202111181127/tools/bin/../lib/gcc/arm-none-eabi/10.3.1/../../../../arm-none-eabi/lib/thumb/v7e-m+fp/hard\libc_nano.a(lib_a-sprintf.o)
                              ./Core/Src/main.o (sprintf)
c:/st/stm32cubeide_1.10.1/stm32cubeide/plugins/com.st.stm32cube.ide.mcu.externaltools.gnu-tools-for-stm32.10.3-2021.10.win32_1.0.0.202111181127/tools/bin/../lib/gcc/arm-none-eabi/10.3.1/../../../../arm-none-eabi/lib/thumb/v7e-m+fp/hard\libc_nano.a(lib_a-nano-svfprintf.o)
                              c:/st/stm32cubeide_1.10.1/stm32cubeide/plugins/com.st.stm32cube.ide.mcu.externaltools.gnu-tools-for-stm32.10.3-2021.10.win32_1.0.0.202111181127/tools/bin/../lib/gcc/arm-none-eabi/10.3.1/../../../../arm-none-eabi/lib/thumb/v7e-m+fp/hard\libc_nano.a(lib_a-sprintf.o) (_svfprintf_r)
c:/st/stm32cubeide_1.10.1/stm32cubeide/plugins/com.st.stm32cube.ide.mcu.externaltools.gnu-tools-for-stm32.10.3-2021.10.win32_1.0.0.202111181127/tools/bin/../lib/gcc/arm-none-eabi/10.3.1/../../../../arm-none-eabi/lib/thumb/v7e-m+fp/hard\libc_nano.a(lib_a-nano-vfprintf_i.o)
                              c:/st/stm32cubeide_1.10.1/stm32cubeide/plugins/com.st.stm32cube.ide.mcu.externaltools.gnu-tools-for-stm32.10.3-2021.10.win32_1.0.0.202111181127/tools/bin/../lib/gcc/arm-none-eabi/10.3.1/../../../../arm-none-eabi/lib/thumb/v7e-m+fp/hard\libc_nano.a(lib_a-nano-svfprintf.o) (_printf_i)
c:/st/stm32cubeide_1.10.1/stm32cubeide/plugins/com.st.stm32cube.ide.mcu.externaltools.gnu-tools-for-stm32.10.3-2021.10.win32_1.0.0.202111181127/tools/bin/../lib/gcc/arm-none-eabi/10.3.1/../../../../arm-none-eabi/lib/thumb/v7e-m+fp/hard\libc_nano.a(lib_a-memchr.o)
                              c:/st/stm32cubeide_1.10.1/stm32cubeide/plugins/com.st.stm32cube.ide.mcu.externaltools.gnu-tools-for-stm32.10.3-2021.10.win32_1.0.0.202111181127/tools/bin/../lib/gcc/arm-none-eabi/10.3.1/../../../../arm-none-eabi/lib/thumb/v7e-m+fp/hard\libc_nano.a(lib_a-nano-svfprintf.o) (memchr)
c:/st/stm32cubeide_1.10.1/stm32cubeide/plugins/com.st.stm32cube.ide.mcu.externaltools.gnu-tools-for-stm32.10.3-2021.10.win32_1.0.0.202111181127/tools/bin/../lib/gcc/arm-none-eabi/10.3.1/../../../../arm-none-eabi/lib/thumb/v7e-m+fp/hard\libc_nano.a(lib_a-memcpy-stub.o)
[...]
Memory Configuration

Name             Origin             Length             Attributes
CCMRAM           0x0000000010000000 0x0000000000010000 xrw
RAM              0x0000000020000000 0x0000000000020000 xrw
FLASH            0x0000000008000000 0x0000000000100000 xr
*default*        0x0000000000000000 0xffffffffffffffff

Linker script and memory map

LOAD c:/st/stm32cubeide_1.10.1/stm32cubeide/plugins/com.st.stm32cube.ide.mcu.externaltools.gnu-tools-for-stm32.10.3-2021.10.win32_1.0.0.202111181127/tools/bin/../lib/gcc/arm-none-eabi/10.3.1/thumb/v7e-m+fp/hard/crti.o
LOAD c:/st/stm32cubeide_1.10.1/stm32cubeide/plugins/com.st.stm32cube.ide.mcu.externaltools.gnu-tools-for-stm32.10.3-2021.10.win32_1.0.0.202111181127/tools/bin/../lib/gcc/arm-none-eabi/10.3.1/thumb/v7e-m+fp/hard/crtbegin.o
LOAD c:/st/stm32cubeide_1.10.1/stm32cubeide/plugins/com.st.stm32cube.ide.mcu.externaltools.gnu-tools-for-stm32.10.3-2021.10.win32_1.0.0.202111181127/tools/bin/../lib/gcc/arm-none-eabi/10.3.1/../../../../arm-none-eabi/lib/thumb/v7e-m+fp/hard/crt0.o
LOAD ./Core/Src/LCD_driver.o
LOAD ./Core/Src/LCD_lib.o
LOAD ./Core/Src/fonts.o
LOAD ./Core/Src/global.o
LOAD ./Core/Src/input_processing.o
LOAD ./Core/Src/input_reading.o
LOAD ./Core/Src/main.o
LOAD ./Core/Src/software_timer.o
LOAD ./Core/Src/st7789.o
LOAD ./Core/Src/stm32f4xx_hal_msp.o
LOAD ./Core/Src/stm32f4xx_it.o
LOAD ./Core/Src/syscalls.o
LOAD ./Core/Src/sysmem.o
LOAD ./Core/Src/system_stm32f4xx.o
LOAD ./Core/Startup/startup_stm32f405rgtx.o
LOAD ./Drivers/STM32F4xx_HAL_Driver/Src/stm32f4xx_hal.o
LOAD ./Drivers/STM32F4xx_HAL_Driver/Src/stm32f4xx_hal_adc.o
LOAD ./Drivers/STM32F4xx_HAL_Driver/Src/stm32f4xx_hal_adc_ex.o
LOAD ./Drivers/STM32F4xx_HAL_Driver/Src/stm32f4xx_hal_can.o
LOAD ./Drivers/STM32F4xx_HAL_Driver/Src/stm32f4xx_hal_cortex.o
LOAD ./Drivers/STM32F4xx_HAL_Driver/Src/stm32f4xx_hal_dma.o
LOAD ./Drivers/STM32F4xx_HAL_Driver/Src/stm32f4xx_hal_dma_ex.o
LOAD ./Drivers/STM32F4xx_HAL_Driver/Src/stm32f4xx_hal_exti.o
LOAD ./Drivers/STM32F4xx_HAL_Driver/Src/stm32f4xx_hal_flash.o
LOAD ./Drivers/STM32F4xx_HAL_Driver/Src/stm32f4xx_hal_flash_ex.o
LOAD ./Drivers/STM32F4xx_HAL_Driver/Src/stm32f4xx_hal_flash_ramfunc.o
LOAD ./Drivers/STM32F4xx_HAL_Driver/Src/stm32f4xx_hal_gpio.o
LOAD ./Drivers/STM32F4xx_HAL_Driver/Src/stm32f4xx_hal_pwr.o
LOAD ./Drivers/STM32F4xx_HAL_Driver/Src/stm32f4xx_hal_pwr_ex.o
LOAD ./Drivers/STM32F4xx_HAL_Driver/Src/stm32f4xx_hal_rcc.o
LOAD ./Drivers/STM32F4xx_HAL_Driver/Src/stm32f4xx_hal_rcc_ex.o
LOAD ./Drivers/STM32F4xx_HAL_Driver/Src/stm32f4xx_hal_spi.o
LOAD ./Drivers/STM32F4xx_HAL_Driver/Src/stm32f4xx_hal_tim.o
LOAD ./Drivers/STM32F4xx_HAL_Driver/Src/stm32f4xx_hal_tim_ex.o
LOAD ./Drivers/STM32F4xx_HAL_Driver/Src/stm32f4xx_hal_uart.o
LOAD ./Drivers/STM32F4xx_HAL_Driver/Src/stm32f4xx_ll_adc.o
START GROUP
LOAD c:/st/stm32cubeide_1.10.1/stm32cubeide/plugins/com.st.stm32cube.ide.mcu.externaltools.gnu-tools-for-stm32.10.3-2021.10.win32_1.0.0.202111181127/tools/bin/../lib/gcc/arm-none-eabi/10.3.1/../../../../arm-none-eabi/lib/thumb/v7e-m+fp/hard\libc_nano.a
LOAD c:/st/stm32cubeide_1.10.1/stm32cubeide/plugins/com.st.stm32cube.ide.mcu.externaltools.gnu-tools-for-stm32.10.3-2021.10.win32_1.0.0.202111181127/tools/bin/../lib/gcc/arm-none-eabi/10.3.1/../../../../arm-none-eabi/lib/thumb/v7e-m+fp/hard\libm.a
END GROUP
START GROUP
LOAD c:/st/stm32cubeide_1.10.1/stm32cubeide/plugins/com.st.stm32cube.ide.mcu.externaltools.gnu-tools-for-stm32.10.3-2021.10.win32_1.0.0.202111181127/tools/bin/../lib/gcc/arm-none-eabi/10.3.1/thumb/v7e-m+fp/hard\libgcc.a
LOAD c:/st/stm32cubeide_1.10.1/stm32cubeide/plugins/com.st.stm32cube.ide.mcu.externaltools.gnu-tools-for-stm32.10.3-2021.10.win32_1.0.0.202111181127/tools/bin/../lib/gcc/arm-none-eabi/10.3.1/../../../../arm-none-eabi/lib/thumb/v7e-m+fp/hard\libc_nano.a
END GROUP
START GROUP
LOAD c:/st/stm32cubeide_1.10.1/stm32cubeide/plugins/com.st.stm32cube.ide.mcu.externaltools.gnu-tools-for-stm32.10.3-2021.10.win32_1.0.0.202111181127/tools/bin/../lib/gcc/arm-none-eabi/10.3.1/thumb/v7e-m+fp/hard\libgcc.a
LOAD c:/st/stm32cubeide_1.10.1/stm32cubeide/plugins/com.st.stm32cube.ide.mcu.externaltools.gnu-tools-for-stm32.10.3-2021.10.win32_1.0.0.202111181127/tools/bin/../lib/gcc/arm-none-eabi/10.3.1/../../../../arm-none-eabi/lib/thumb/v7e-m+fp/hard\libc_nano.a
LOAD c:/st/stm32cubeide_1.10.1/stm32cubeide/plugins/com.st.stm32cube.ide.mcu.externaltools.gnu-tools-for-stm32.10.3-2021.10.win32_1.0.0.202111181127/tools/bin/../lib/gcc/arm-none-eabi/10.3.1/../../../../arm-none-eabi/lib/thumb/v7e-m+fp/hard\libnosys.a
END GROUP
START GROUP
LOAD c:/st/stm32cubeide_1.10.1/stm32cubeide/plugins/com.st.stm32cube.ide.mcu.externaltools.gnu-tools-for-stm32.10.3-2021.10.win32_1.0.0.202111181127/tools/bin/../lib/gcc/arm-none-eabi/10.3.1/thumb/v7e-m+fp/hard\libgcc.a
LOAD c:/st/stm32cubeide_1.10.1/stm32cubeide/plugins/com.st.stm32cube.ide.mcu.externaltools.gnu-tools-for-stm32.10.3-2021.10.win32_1.0.0.202111181127/tools/bin/../lib/gcc/arm-none-eabi/10.3.1/../../../../arm-none-eabi/lib/thumb/v7e-m+fp/hard\libc_nano.a
LOAD c:/st/stm32cubeide_1.10.1/stm32cubeide/plugins/com.st.stm32cube.ide.mcu.externaltools.gnu-tools-for-stm32.10.3-2021.10.win32_1.0.0.202111181127/tools/bin/../lib/gcc/arm-none-eabi/10.3.1/../../../../arm-none-eabi/lib/thumb/v7e-m+fp/hard\libnosys.a
END GROUP
LOAD c:/st/stm32cubeide_1.10.1/stm32cubeide/plugins/com.st.stm32cube.ide.mcu.externaltools.gnu-tools-for-stm32.10.3-2021.10.win32_1.0.0.202111181127/tools/bin/../lib/gcc/arm-none-eabi/10.3.1/thumb/v7e-m+fp/hard/crtend.o
LOAD c:/st/stm32cubeide_1.10.1/stm32cubeide/plugins/com.st.stm32cube.ide.mcu.externaltools.gnu-tools-for-stm32.10.3-2021.10.win32_1.0.0.202111181127/tools/bin/../lib/gcc/arm-none-eabi/10.3.1/thumb/v7e-m+fp/hard/crtn.o
                0x0000000020020000                _estack = (ORIGIN (RAM) + LENGTH (RAM))
                0x0000000000000200                _Min_Heap_Size = 0x200
                0x0000000000000400                _Min_Stack_Size = 0x400

.isr_vector     0x0000000008000000      0x188
                0x0000000008000000                . = ALIGN (0x4)
 *(.isr_vector)
 .isr_vector    0x0000000008000000      0x188 ./Core/Startup/startup_stm32f405rgtx.o
                0x0000000008000000                g_pfnVectors
                0x0000000008000188                . = ALIGN (0x4)

.text           0x0000000008000190     0x7acc
                0x0000000008000190                . = ALIGN (0x4)
 *(.text)
 .text          0x0000000008000190       0x40 c:/st/stm32cubeide_1.10.1/stm32cubeide/plugins/com.st.stm32cube.ide.mcu.externaltools.gnu-tools-for-stm32.10.3-2021.10.win32_1.0.0.202111181127/tools/bin/../lib/gcc/arm-none-eabi/10.3.1/thumb/v7e-m+fp/hard/crtbegin.o
 .text          0x00000000080001d0       0xa0 c:/st/stm32cubeide_1.10.1/stm32cubeide/plugins/com.st.stm32cube.ide.mcu.externaltools.gnu-tools-for-stm32.10.3-2021.10.win32_1.0.0.202111181127/tools/bin/../lib/gcc/arm-none-eabi/10.3.1/../../../../arm-none-eabi/lib/thumb/v7e-m+fp/hard\libc_nano.a(lib_a-memchr.o)
                0x00000000080001d0                memchr
 .text          0x0000000008000270      0x378 c:/st/stm32cubeide_1.10.1/stm32cubeide/plugins/com.st.stm32cube.ide.mcu.externaltools.gnu-tools-for-stm32.10.3-2021.10.win32_1.0.0.202111181127/tools/bin/../lib/gcc/arm-none-eabi/10.3.1/thumb/v7e-m+fp/hard\libgcc.a(_arm_addsubdf3.o)
                0x0000000008000270                __aeabi_drsub
                0x0000000008000278                __aeabi_dsub
                0x0000000008000278                __subdf3
                0x000000000800027c                __aeabi_dadd
                0x000000000800027c                __adddf3
                0x00000000080004f4                __floatunsidf
                0x00000000080004f4                __aeabi_ui2d
                0x0000000008000514                __floatsidf
                0x0000000008000514                __aeabi_i2d
                0x0000000008000538                __aeabi_f2d
                0x0000000008000538                __extendsfdf2
                0x000000000800057c                __floatundidf
                0x000000000800057c                __aeabi_ul2d
                0x000000000800058c                __floatdidf
                0x000000000800058c                __aeabi_l2d
 .text          0x00000000080005e8      0x424 c:/st/stm32cubeide_1.10.1/stm32cubeide/plugins/com.st.stm32cube.ide.mcu.externaltools.gnu-tools-for-stm32.10.3-2021.10.win32_1.0.0.202111181127/tools/bin/../lib/gcc/arm-none-eabi/10.3.1/thumb/v7e-m+fp/hard\libgcc.a(_arm_muldivdf3.o)
                0x00000000080005e8                __aeabi_dmul
                0x00000000080005e8                __muldf3
                0x000000000800083c                __divdf3
                0x000000000800083c                __aeabi_ddiv
 .text          0x0000000008000a0c       0x50 c:/st/stm32cubeide_1.10.1/stm32cubeide/plugins/com.st.stm32cube.ide.mcu.externaltools.gnu-tools-for-stm32.10.3-2021.10.win32_1.0.0.202111181127/tools/bin/../lib/gcc/arm-none-eabi/10.3.1/thumb/v7e-m+fp/hard\libgcc.a(_arm_fixdfsi.o)
                0x0000000008000a0c                __aeabi_d2iz
                0x0000000008000a0c                __fixdfsi
 .text          0x0000000008000a5c       0x30 c:/st/stm32cubeide_1.10.1/stm32cubeide/plugins/com.st.stm32cube.ide.mcu.externaltools.gnu-tools-for-stm32.10.3-2021.10.win32_1.0.0.202111181127/tools/bin/../lib/gcc/arm-none-eabi/10.3.1/thumb/v7e-m+fp/hard\libgcc.a(_aeabi_uldivmod.o)
                0x0000000008000a5c                __aeabi_uldivmod
 .text          0x0000000008000a8c      0x2d0 c:/st/stm32cubeide_1.10.1/stm32cubeide/plugins/com.st.stm32cube.ide.mcu.externaltools.gnu-tools-for-stm32.10.3-2021.10.win32_1.0.0.202111181127/tools/bin/../lib/gcc/arm-none-eabi/10.3.1/thumb/v7e-m+fp/hard\libgcc.a(_udivmoddi4.o)
                0x0000000008000a8c                __udivmoddi4
 .text          0x0000000008000d5c        0x4 c:/st/stm32cubeide_1.10.1/stm32cubeide/plugins/com.st.stm32cube.ide.mcu.externaltools.gnu-tools-for-stm32.10.3-2021.10.win32_1.0.0.202111181127/tools/bin/../lib/gcc/arm-none-eabi/10.3.1/thumb/v7e-m+fp/hard\libgcc.a(_dvmd_tls.o)
                0x0000000008000d5c                __aeabi_idiv0
                0x0000000008000d5c                __aeabi_ldiv0
 *(.text*)
 .text.spi1_communication
                0x0000000008000d60       0x8c ./Core/Src/LCD_driver.o
                0x0000000008000d60                spi1_communication
 .text.lcd_write_byte
                0x0000000008000dec       0x58 ./Core/Src/LCD_driver.o
                0x0000000008000dec                lcd_write_byte
 .text.lcd_write_command
                0x0000000008000e44       0x2c ./Core/Src/LCD_driver.o
                0x0000000008000e44                lcd_write_command
 .text.delay_ms
                0x0000000008000e70       0x36 ./Core/Src/LCD_driver.o
                0x0000000008000e70                delay_ms
 *fill*         0x0000000008000ea6        0x2 
 .text.lcd_init
                0x0000000008000ea8      0x214 ./Core/Src/LCD_driver.o
                0x0000000008000ea8                lcd_init
 .text.lcd_clear_screen
                0x00000000080010bc       0xcc ./Core/Src/LCD_driver.o
                0x00000000080010bc                lcd_clear_screen
 .text.check_button_flag
                0x0000000008001188       0x34 ./Core/Src/input_reading.o
                0x0000000008001188                check_button_flag
 .text.button_reading
                0x00000000080011bc      0x19c ./Core/Src/input_reading.o
                0x00000000080011bc                button_reading
 .text.HAL_CAN_RxFifo0MsgPendingCallback
                0x0000000008001358       0x3c ./Core/Src/main.o
                0x0000000008001358                HAL_CAN_RxFifo0MsgPendingCallback
 .text.do_service_22
                0x0000000008001394      0x104 ./Core/Src/main.o
                0x0000000008001394                do_service_22
 .text.do_service_2E
                0x0000000008001498      0x21c ./Core/Src/main.o
                0x0000000008001498                do_service_2E
 .text.do_service_27
                0x00000000080016b4      0x1a0 ./Core/Src/main.o
                0x00000000080016b4                do_service_27
 .text.main     0x0000000008001854       0xa4 ./Core/Src/main.o
                0x0000000008001854                main
 .text.SystemClock_Config
                0x00000000080018f8       0xd4 ./Core/Src/main.o
                0x00000000080018f8                SystemClock_Config
 .text.MX_ADC1_Init
                0x00000000080019cc       0xa4 ./Core/Src/main.o
 .text.MX_CAN1_Init
                0x0000000008001a70       0xa4 ./Core/Src/main.o
 .text.MX_SPI1_Init
                0x0000000008001b14       0x6c ./Core/Src/main.o
 .text.MX_TIM2_Init
                0x0000000008001b80      0x118 ./Core/Src/main.o
 .text.MX_USART1_UART_Init
                0x0000000008001c98       0x54 ./Core/Src/main.o
 .text.MX_GPIO_Init
                0x0000000008001cec      0x114 ./Core/Src/main.o
 .text.HAL_TIM_PeriodElapsedCallback
                0x0000000008001e00       0x28 ./Core/Src/main.o
                0x0000000008001e00                HAL_TIM_PeriodElapsedCallback
 .text.Error_Handler
                0x0000000008001e28        0xa ./Core/Src/main.o
                0x0000000008001e28                Error_Handler
 *fill*         0x0000000008001e32        0x2 
 .text.setTimer0
                0x0000000008001e34       0x34 ./Core/Src/software_timer.o
                0x0000000008001e34                setTimer0
 .text.runTimer
                0x0000000008001e68       0xb0 ./Core/Src/software_timer.o
                0x0000000008001e68                runTimer
 .text.ST7789_WriteCommand
                0x0000000008001f18       0x48 ./Core/Src/st7789.o
 .text.ST7789_WriteData
                0x0000000008001f60       0x70 ./Core/Src/st7789.o
 .text.ST7789_WriteSmallData
                0x0000000008001fd0       0x48 ./Core/Src/st7789.o
 .text.ST7789_SetRotation
                0x0000000008002018       0x58 ./Core/Src/st7789.o
                0x0000000008002018                ST7789_SetRotation
 .text.ST7789_SetAddressWindow
                0x0000000008002070       0xb8 ./Core/Src/st7789.o
 .text.ST7789_Init
                0x0000000008002128      0x13c ./Core/Src/st7789.o
                0x0000000008002128                ST7789_Init
 .text.ST7789_Fill_Color
                0x0000000008002264       0x7c ./Core/Src/st7789.o
                0x0000000008002264                ST7789_Fill_Color
 .text.ST7789_WriteChar
                0x00000000080022e0      0x100 ./Core/Src/st7789.o
                0x00000000080022e0                ST7789_WriteChar
 .text.ST7789_WriteString
                0x00000000080023e0       0xa8 ./Core/Src/st7789.o
                0x00000000080023e0                ST7789_WriteString
 .text.HAL_MspInit
                0x0000000008002488       0x50 ./Core/Src/stm32f4xx_hal_msp.o
                0x0000000008002488                HAL_MspInit
 .text.HAL_ADC_MspInit
                0x00000000080024d8       0x88 ./Core/Src/stm32f4xx_hal_msp.o
                0x00000000080024d8                HAL_ADC_MspInit
 .text.HAL_CAN_MspInit
                0x0000000008002560       0xa0 ./Core/Src/stm32f4xx_hal_msp.o
                0x0000000008002560                HAL_CAN_MspInit
 .text.HAL_SPI_MspInit
                0x0000000008002600       0xc0 ./Core/Src/stm32f4xx_hal_msp.o
                0x0000000008002600                HAL_SPI_MspInit
 .text.HAL_TIM_Base_MspInit
                0x00000000080026c0       0x4c ./Core/Src/stm32f4xx_hal_msp.o
                0x00000000080026c0                HAL_TIM_Base_MspInit
 .text.HAL_UART_MspInit
                0x000000000800270c       0xa0 ./Core/Src/stm32f4xx_hal_msp.o
                0x000000000800270c                HAL_UART_MspInit
 .text.NMI_Handler
                0x00000000080027ac        0x6 ./Core/Src/stm32f4xx_it.o
                0x00000000080027ac                NMI_Handler
 .text.HardFault_Handler
                0x00000000080027b2        0x6 ./Core/Src/stm32f4xx_it.o
                0x00000000080027b2                HardFault_Handler
 .text.MemManage_Handler
                0x00000000080027b8        0x6 ./Core/Src/stm32f4xx_it.o
                0x00000000080027b8                MemManage_Handler
 .text.BusFault_Handler
                0x00000000080027be        0x6 ./Core/Src/stm32f4xx_it.o
                0x00000000080027be                BusFault_Handler
 .text.UsageFault_Handler
                0x00000000080027c4        0x6 ./Core/Src/stm32f4xx_it.o
                0x00000000080027c4                UsageFault_Handler
 .text.SVC_Handler
                0x00000000080027ca        0xe ./Core/Src/stm32f4xx_it.o
                0x00000000080027ca                SVC_Handler
 .text.DebugMon_Handler
                0x00000000080027d8        0xe ./Core/Src/stm32f4xx_it.o
                0x00000000080027d8                DebugMon_Handler
 .text.PendSV_Handler
                0x00000000080027e6        0xe ./Core/Src/stm32f4xx_it.o
                0x00000000080027e6                PendSV_Handler
 .text.SysTick_Handler
                0x00000000080027f4        0xc ./Core/Src/stm32f4xx_it.o
                0x00000000080027f4                SysTick_Handler
 .text.CAN1_RX0_IRQHandler
                0x0000000008002800       0x14 ./Core/Src/stm32f4xx_it.o
                0x0000000008002800                CAN1_RX0_IRQHandler
 .text.TIM2_IRQHandler
                0x0000000008002814       0x14 ./Core/Src/stm32f4xx_it.o
                0x0000000008002814                TIM2_IRQHandler
 .text.SPI1_IRQHandler
                0x0000000008002828       0x14 ./Core/Src/stm32f4xx_it.o
                0x0000000008002828                SPI1_IRQHandler
 .text.USART1_IRQHandler
                0x000000000800283c       0x14 ./Core/Src/stm32f4xx_it.o
                0x000000000800283c                USART1_IRQHandler
 .text._sbrk    0x0000000008002850       0x6c ./Core/Src/sysmem.o
                0x0000000008002850                _sbrk
 .text.SystemInit
                0x00000000080028bc       0x24 ./Core/Src/system_stm32f4xx.o
                0x00000000080028bc                SystemInit
 .text.Reset_Handler
                0x00000000080028e0       0x50 ./Core/Startup/startup_stm32f405rgtx.o
                0x00000000080028e0                Reset_Handler
 .text.Default_Handler
                0x0000000008002930        0x2 ./Core/Startup/startup_stm32f405rgtx.o
                0x0000000008002930                RTC_Alarm_IRQHandler
                0x0000000008002930                HASH_RNG_IRQHandler
                0x0000000008002930                EXTI2_IRQHandler
                0x0000000008002930                TIM8_CC_IRQHandler
                0x0000000008002930                TIM1_CC_IRQHandler
                0x0000000008002930                DMA2_Stream5_IRQHandler
                0x0000000008002930                DMA1_Stream5_IRQHandler
                0x0000000008002930                PVD_IRQHandler
                0x0000000008002930                SDIO_IRQHandler
                0x0000000008002930                TAMP_STAMP_IRQHandler
                0x0000000008002930                CAN2_RX1_IRQHandler
                0x0000000008002930                EXTI3_IRQHandler
                0x0000000008002930                TIM8_TRG_COM_TIM14_IRQHandler
                0x0000000008002930                TIM1_UP_TIM10_IRQHandler
                0x0000000008002930                TIM8_UP_TIM13_IRQHandler
                0x0000000008002930                I2C3_ER_IRQHandler
                0x0000000008002930                EXTI0_IRQHandler
                0x0000000008002930                I2C2_EV_IRQHandler
                0x0000000008002930                DMA1_Stream2_IRQHandler
                0x0000000008002930                FPU_IRQHandler
                0x0000000008002930                OTG_HS_WKUP_IRQHandler
                0x0000000008002930                CAN2_SCE_IRQHandler
                0x0000000008002930                DMA2_Stream2_IRQHandler
                0x0000000008002930                TIM6_DAC_IRQHandler
                0x0000000008002930                TIM1_BRK_TIM9_IRQHandler
                0x0000000008002930                CAN2_RX0_IRQHandler
                0x0000000008002930                DMA2_Stream3_IRQHandler
                0x0000000008002930                USART6_IRQHandler
                0x0000000008002930                USART3_IRQHandler
                0x0000000008002930                CAN1_RX1_IRQHandler
                0x0000000008002930                UART5_IRQHandler
                0x0000000008002930                DMA2_Stream0_IRQHandler
                0x0000000008002930                TIM4_IRQHandler
                0x0000000008002930                I2C1_EV_IRQHandler
                0x0000000008002930                DMA1_Stream6_IRQHandler
                0x0000000008002930                DMA1_Stream1_IRQHandler
                0x0000000008002930                UART4_IRQHandler
                0x0000000008002930                TIM3_IRQHandler
                0x0000000008002930                RCC_IRQHandler
                0x0000000008002930                TIM8_BRK_TIM12_IRQHandler
                0x0000000008002930                Default_Handler
                0x0000000008002930                EXTI15_10_IRQHandler
                0x0000000008002930                ADC_IRQHandler
                0x0000000008002930                DMA1_Stream7_IRQHandler
                0x0000000008002930                TIM7_IRQHandler
                0x0000000008002930                CAN2_TX_IRQHandler
                0x0000000008002930                TIM5_IRQHandler
                0x0000000008002930                DMA2_Stream7_IRQHandler
                0x0000000008002930                I2C3_EV_IRQHandler
                0x0000000008002930                EXTI9_5_IRQHandler
                0x0000000008002930                RTC_WKUP_IRQHandler
                0x0000000008002930                SPI2_IRQHandler
                0x0000000008002930                OTG_HS_EP1_IN_IRQHandler
                0x0000000008002930                DMA1_Stream0_IRQHandler
                0x0000000008002930                CAN1_TX_IRQHandler
                0x0000000008002930                EXTI4_IRQHandler
                0x0000000008002930                FSMC_IRQHandler
                0x0000000008002930                OTG_HS_EP1_OUT_IRQHandler
                0x0000000008002930                WWDG_IRQHandler
                0x0000000008002930                OTG_FS_WKUP_IRQHandler
                0x0000000008002930                TIM1_TRG_COM_TIM11_IRQHandler
                0x0000000008002930                OTG_HS_IRQHandler
                0x0000000008002930                EXTI1_IRQHandler
                0x0000000008002930                USART2_IRQHandler
                0x0000000008002930                I2C2_ER_IRQHandler
                0x0000000008002930                DMA2_Stream1_IRQHandler
                0x0000000008002930                CAN1_SCE_IRQHandler
                0x0000000008002930                FLASH_IRQHandler
                0x0000000008002930                DMA2_Stream4_IRQHandler
                0x0000000008002930                OTG_FS_IRQHandler
                0x0000000008002930                SPI3_IRQHandler
                0x0000000008002930                DMA1_Stream4_IRQHandler
                0x0000000008002930                I2C1_ER_IRQHandler
                0x0000000008002930                DMA2_Stream6_IRQHandler
                0x0000000008002930                DMA1_Stream3_IRQHandler
 *fill*         0x0000000008002932        0x2 
 .text.HAL_Init
                0x0000000008002934       0x44 ./Drivers/STM32F4xx_HAL_Driver/Src/stm32f4xx_hal.o
                0x0000000008002934                HAL_Init
 .text.HAL_InitTick
                0x0000000008002978       0x60 ./Drivers/STM32F4xx_HAL_Driver/Src/stm32f4xx_hal.o
                0x0000000008002978                HAL_InitTick
 .text.HAL_IncTick
                0x00000000080029d8       0x28 ./Drivers/STM32F4xx_HAL_Driver/Src/stm32f4xx_hal.o
                0x00000000080029d8                HAL_IncTick
 .text.HAL_GetTick
                0x0000000008002a00       0x18 ./Drivers/STM32F4xx_HAL_Driver/Src/stm32f4xx_hal.o
                0x0000000008002a00                HAL_GetTick
 .text.HAL_Delay
                0x0000000008002a18       0x48 ./Drivers/STM32F4xx_HAL_Driver/Src/stm32f4xx_hal.o
                0x0000000008002a18                HAL_Delay
 .text.HAL_ADC_Init
                0x0000000008002a60       0x86 ./Drivers/STM32F4xx_HAL_Driver/Src/stm32f4xx_hal_adc.o
                0x0000000008002a60                HAL_ADC_Init
 *fill*         0x0000000008002ae6        0x2 
 .text.HAL_ADC_ConfigChannel
                0x0000000008002ae8      0x244 ./Drivers/STM32F4xx_HAL_Driver/Src/stm32f4xx_hal_adc.o
                0x0000000008002ae8                HAL_ADC_ConfigChannel
 .text.ADC_Init
                0x0000000008002d2c      0x1f8 ./Drivers/STM32F4xx_HAL_Driver/Src/stm32f4xx_hal_adc.o
 .text.HAL_CAN_Init
                0x0000000008002f24      0x1f6 ./Drivers/STM32F4xx_HAL_Driver/Src/stm32f4xx_hal_can.o
                0x0000000008002f24                HAL_CAN_Init
 *fill*         0x000000000800311a        0x2 
 .text.HAL_CAN_ConfigFilter
                0x000000000800311c      0x1c0 ./Drivers/STM32F4xx_HAL_Driver/Src/stm32f4xx_hal_can.o
                0x000000000800311c                HAL_CAN_ConfigFilter
 .text.HAL_CAN_Start
                0x00000000080032dc       0x88 ./Drivers/STM32F4xx_HAL_Driver/Src/stm32f4xx_hal_can.o
                0x00000000080032dc                HAL_CAN_Start
 .text.HAL_CAN_AddTxMessage
                0x0000000008003364      0x1b6 ./Drivers/STM32F4xx_HAL_Driver/Src/stm32f4xx_hal_can.o
                0x0000000008003364                HAL_CAN_AddTxMessage
 .text.HAL_CAN_GetRxMessage
                0x000000000800351a      0x224 ./Drivers/STM32F4xx_HAL_Driver/Src/stm32f4xx_hal_can.o
                0x000000000800351a                HAL_CAN_GetRxMessage
 .text.HAL_CAN_ActivateNotification
                0x000000000800373e       0x4c ./Drivers/STM32F4xx_HAL_Driver/Src/stm32f4xx_hal_can.o
                0x000000000800373e                HAL_CAN_ActivateNotification
 .text.HAL_CAN_IRQHandler
                0x000000000800378a      0x36e ./Drivers/STM32F4xx_HAL_Driver/Src/stm32f4xx_hal_can.o
                0x000000000800378a                HAL_CAN_IRQHandler
 .text.HAL_CAN_TxMailbox0CompleteCallback
                0x0000000008003af8       0x14 ./Drivers/STM32F4xx_HAL_Driver/Src/stm32f4xx_hal_can.o
                0x0000000008003af8                HAL_CAN_TxMailbox0CompleteCallback
 .text.HAL_CAN_TxMailbox1CompleteCallback
                0x0000000008003b0c       0x14 ./Drivers/STM32F4xx_HAL_Driver/Src/stm32f4xx_hal_can.o
                0x0000000008003b0c                HAL_CAN_TxMailbox1CompleteCallback
 .text.HAL_CAN_TxMailbox2CompleteCallback
                0x0000000008003b20       0x14 ./Drivers/STM32F4xx_HAL_Driver/Src/stm32f4xx_hal_can.o
                0x0000000008003b20                HAL_CAN_TxMailbox2CompleteCallback
 .text.HAL_CAN_TxMailbox0AbortCallback
                0x0000000008003b34       0x14 ./Drivers/STM32F4xx_HAL_Driver/Src/stm32f4xx_hal_can.o
                0x0000000008003b34                HAL_CAN_TxMailbox0AbortCallback
 .text.HAL_CAN_TxMailbox1AbortCallback
                0x0000000008003b48       0x14 ./Drivers/STM32F4xx_HAL_Driver/Src/stm32f4xx_hal_can.o
                0x0000000008003b48                HAL_CAN_TxMailbox1AbortCallback
 .text.HAL_CAN_TxMailbox2AbortCallback
                0x0000000008003b5c       0x14 ./Drivers/STM32F4xx_HAL_Driver/Src/stm32f4xx_hal_can.o
                0x0000000008003b5c                HAL_CAN_TxMailbox2AbortCallback
 .text.HAL_CAN_RxFifo0FullCallback
                0x0000000008003b70       0x14 ./Drivers/STM32F4xx_HAL_Driver/Src/stm32f4xx_hal_can.o
                0x0000000008003b70                HAL_CAN_RxFifo0FullCallback
 .text.HAL_CAN_RxFifo1MsgPendingCallback
                0x0000000008003b84       0x14 ./Drivers/STM32F4xx_HAL_Driver/Src/stm32f4xx_hal_can.o
                0x0000000008003b84                HAL_CAN_RxFifo1MsgPendingCallback
 .text.HAL_CAN_RxFifo1FullCallback
                0x0000000008003b98       0x14 ./Drivers/STM32F4xx_HAL_Driver/Src/stm32f4xx_hal_can.o
                0x0000000008003b98                HAL_CAN_RxFifo1FullCallback
 .text.HAL_CAN_SleepCallback
                0x0000000008003bac       0x14 ./Drivers/STM32F4xx_HAL_Driver/Src/stm32f4xx_hal_can.o
                0x0000000008003bac                HAL_CAN_SleepCallback
 .text.HAL_CAN_WakeUpFromRxMsgCallback
                0x0000000008003bc0       0x14 ./Drivers/STM32F4xx_HAL_Driver/Src/stm32f4xx_hal_can.o
                0x0000000008003bc0                HAL_CAN_WakeUpFromRxMsgCallback
 .text.HAL_CAN_ErrorCallback
                0x0000000008003bd4       0x14 ./Drivers/STM32F4xx_HAL_Driver/Src/stm32f4xx_hal_can.o
                0x0000000008003bd4                HAL_CAN_ErrorCallback
 .text.__NVIC_SetPriorityGrouping
                0x0000000008003be8       0x48 ./Drivers/STM32F4xx_HAL_Driver/Src/stm32f4xx_hal_cortex.o
 .text.__NVIC_GetPriorityGrouping
                0x0000000008003c30       0x1c ./Drivers/STM32F4xx_HAL_Driver/Src/stm32f4xx_hal_cortex.o
 .text.__NVIC_EnableIRQ
                0x0000000008003c4c       0x3c ./Drivers/STM32F4xx_HAL_Driver/Src/stm32f4xx_hal_cortex.o
 .text.__NVIC_SetPriority
                0x0000000008003c88       0x54 ./Drivers/STM32F4xx_HAL_Driver/Src/stm32f4xx_hal_cortex.o
 .text.NVIC_EncodePriority
                0x0000000008003cdc       0x66 ./Drivers/STM32F4xx_HAL_Driver/Src/stm32f4xx_hal_cortex.o
 *fill*         0x0000000008003d42        0x2 
 .text.SysTick_Config
                0x0000000008003d44       0x44 ./Drivers/STM32F4xx_HAL_Driver/Src/stm32f4xx_hal_cortex.o
 .text.HAL_NVIC_SetPriorityGrouping
                0x0000000008003d88       0x16 ./Drivers/STM32F4xx_HAL_Driver/Src/stm32f4xx_hal_cortex.o
                0x0000000008003d88                HAL_NVIC_SetPriorityGrouping
 .text.HAL_NVIC_SetPriority
                0x0000000008003d9e       0x38 ./Drivers/STM32F4xx_HAL_Driver/Src/stm32f4xx_hal_cortex.o
                0x0000000008003d9e                HAL_NVIC_SetPriority
 .text.HAL_NVIC_EnableIRQ
                0x0000000008003dd6       0x1c ./Drivers/STM32F4xx_HAL_Driver/Src/stm32f4xx_hal_cortex.o
                0x0000000008003dd6                HAL_NVIC_EnableIRQ
 .text.HAL_SYSTICK_Config
                0x0000000008003df2       0x18 ./Drivers/STM32F4xx_HAL_Driver/Src/stm32f4xx_hal_cortex.o
                0x0000000008003df2                HAL_SYSTICK_Config
 .text.HAL_DMA_Abort
                0x0000000008003e0a       0xe0 ./Drivers/STM32F4xx_HAL_Driver/Src/stm32f4xx_hal_dma.o
                0x0000000008003e0a                HAL_DMA_Abort
 .text.HAL_DMA_Abort_IT
                0x0000000008003eea       0x44 ./Drivers/STM32F4xx_HAL_Driver/Src/stm32f4xx_hal_dma.o
                0x0000000008003eea                HAL_DMA_Abort_IT
 *fill*         0x0000000008003f2e        0x2 
 .text.HAL_GPIO_Init
                0x0000000008003f30      0x338 ./Drivers/STM32F4xx_HAL_Driver/Src/stm32f4xx_hal_gpio.o
                0x0000000008003f30                HAL_GPIO_Init
 .text.HAL_GPIO_ReadPin
                0x0000000008004268       0x30 ./Drivers/STM32F4xx_HAL_Driver/Src/stm32f4xx_hal_gpio.o
                0x0000000008004268                HAL_GPIO_ReadPin
 .text.HAL_GPIO_WritePin
                0x0000000008004298       0x32 ./Drivers/STM32F4xx_HAL_Driver/Src/stm32f4xx_hal_gpio.o
                0x0000000008004298                HAL_GPIO_WritePin
 .text.HAL_GPIO_TogglePin
                0x00000000080042ca       0x34 ./Drivers/STM32F4xx_HAL_Driver/Src/stm32f4xx_hal_gpio.o
                0x00000000080042ca                HAL_GPIO_TogglePin
 *fill*         0x00000000080042fe        0x2 
 .text.HAL_RCC_OscConfig
                0x0000000008004300      0x4f0 ./Drivers/STM32F4xx_HAL_Driver/Src/stm32f4xx_hal_rcc.o
                0x0000000008004300                HAL_RCC_OscConfig
 .text.HAL_RCC_ClockConfig
                0x00000000080047f0      0x1cc ./Drivers/STM32F4xx_HAL_Driver/Src/stm32f4xx_hal_rcc.o
                0x00000000080047f0                HAL_RCC_ClockConfig
 .text.HAL_RCC_GetSysClockFreq
                0x00000000080049bc      0x20c ./Drivers/STM32F4xx_HAL_Driver/Src/stm32f4xx_hal_rcc.o
                0x00000000080049bc                HAL_RCC_GetSysClockFreq
 .text.HAL_RCC_GetHCLKFreq
                0x0000000008004bc8       0x18 ./Drivers/STM32F4xx_HAL_Driver/Src/stm32f4xx_hal_rcc.o
                0x0000000008004bc8                HAL_RCC_GetHCLKFreq
 .text.HAL_RCC_GetPCLK1Freq
                0x0000000008004be0       0x28 ./Drivers/STM32F4xx_HAL_Driver/Src/stm32f4xx_hal_rcc.o
                0x0000000008004be0                HAL_RCC_GetPCLK1Freq
 .text.HAL_RCC_GetPCLK2Freq
                0x0000000008004c08       0x28 ./Drivers/STM32F4xx_HAL_Driver/Src/stm32f4xx_hal_rcc.o
                0x0000000008004c08                HAL_RCC_GetPCLK2Freq
 .text.HAL_SPI_Init
                0x0000000008004c30      0x112 ./Drivers/STM32F4xx_HAL_Driver/Src/stm32f4xx_hal_spi.o
                0x0000000008004c30                HAL_SPI_Init
 .text.HAL_SPI_Transmit
                0x0000000008004d42      0x278 ./Drivers/STM32F4xx_HAL_Driver/Src/stm32f4xx_hal_spi.o
                0x0000000008004d42                HAL_SPI_Transmit
 .text.HAL_SPI_Receive
                0x0000000008004fba      0x222 ./Drivers/STM32F4xx_HAL_Driver/Src/stm32f4xx_hal_spi.o
                0x0000000008004fba                HAL_SPI_Receive
 .text.HAL_SPI_TransmitReceive
                0x00000000080051dc      0x344 ./Drivers/STM32F4xx_HAL_Driver/Src/stm32f4xx_hal_spi.o
                0x00000000080051dc                HAL_SPI_TransmitReceive
 .text.HAL_SPI_IRQHandler
                0x0000000008005520      0x200 ./Drivers/STM32F4xx_HAL_Driver/Src/stm32f4xx_hal_spi.o
                0x0000000008005520                HAL_SPI_IRQHandler
 .text.HAL_SPI_ErrorCallback
                0x0000000008005720       0x14 ./Drivers/STM32F4xx_HAL_Driver/Src/stm32f4xx_hal_spi.o
                0x0000000008005720                HAL_SPI_ErrorCallback
 .text.HAL_SPI_GetState
                0x0000000008005734       0x1c ./Drivers/STM32F4xx_HAL_Driver/Src/stm32f4xx_hal_spi.o
                0x0000000008005734                HAL_SPI_GetState
 .text.SPI_DMAAbortOnError
                0x0000000008005750       0x28 ./Drivers/STM32F4xx_HAL_Driver/Src/stm32f4xx_hal_spi.o
 .text.SPI_WaitFlagStateUntilTimeout
                0x0000000008005778      0x110 ./Drivers/STM32F4xx_HAL_Driver/Src/stm32f4xx_hal_spi.o
 .text.SPI_EndRxTransaction
                0x0000000008005888       0xca ./Drivers/STM32F4xx_HAL_Driver/Src/stm32f4xx_hal_spi.o
 *fill*         0x0000000008005952        0x2 
 .text.SPI_EndRxTxTransaction
                0x0000000008005954       0x84 ./Drivers/STM32F4xx_HAL_Driver/Src/stm32f4xx_hal_spi.o
 .text.HAL_TIM_Base_Init
                0x00000000080059d8       0x9e ./Drivers/STM32F4xx_HAL_Driver/Src/stm32f4xx_hal_tim.o
                0x00000000080059d8                HAL_TIM_Base_Init
 *fill*         0x0000000008005a76        0x2 
 .text.HAL_TIM_Base_Start_IT
                0x0000000008005a78       0xe0 ./Drivers/STM32F4xx_HAL_Driver/Src/stm32f4xx_hal_tim.o
                0x0000000008005a78                HAL_TIM_Base_Start_IT
 .text.HAL_TIM_IRQHandler
                0x0000000008005b58      0x210 ./Drivers/STM32F4xx_HAL_Driver/Src/stm32f4xx_hal_tim.o
                0x0000000008005b58                HAL_TIM_IRQHandler
 .text.HAL_TIM_ConfigClockSource
                0x0000000008005d68      0x18e ./Drivers/STM32F4xx_HAL_Driver/Src/stm32f4xx_hal_tim.o
                0x0000000008005d68                HAL_TIM_ConfigClockSource
 .text.HAL_TIM_OC_DelayElapsedCallback
                0x0000000008005ef6       0x14 ./Drivers/STM32F4xx_HAL_Driver/Src/stm32f4xx_hal_tim.o
                0x0000000008005ef6                HAL_TIM_OC_DelayElapsedCallback
 .text.HAL_TIM_IC_CaptureCallback
                0x0000000008005f0a       0x14 ./Drivers/STM32F4xx_HAL_Driver/Src/stm32f4xx_hal_tim.o
                0x0000000008005f0a                HAL_TIM_IC_CaptureCallback
 .text.HAL_TIM_PWM_PulseFinishedCallback
                0x0000000008005f1e       0x14 ./Drivers/STM32F4xx_HAL_Driver/Src/stm32f4xx_hal_tim.o
                0x0000000008005f1e                HAL_TIM_PWM_PulseFinishedCallback
 .text.HAL_TIM_TriggerCallback
                0x0000000008005f32       0x14 ./Drivers/STM32F4xx_HAL_Driver/Src/stm32f4xx_hal_tim.o
                0x0000000008005f32                HAL_TIM_TriggerCallback
 *fill*         0x0000000008005f46        0x2 
 .text.TIM_Base_SetConfig
                0x0000000008005f48      0x140 ./Drivers/STM32F4xx_HAL_Driver/Src/stm32f4xx_hal_tim.o
                0x0000000008005f48                TIM_Base_SetConfig
 .text.TIM_TI1_ConfigInputStage
                0x0000000008006088       0x5e ./Drivers/STM32F4xx_HAL_Driver/Src/stm32f4xx_hal_tim.o
 .text.TIM_TI2_ConfigInputStage
                0x00000000080060e6       0x60 ./Drivers/STM32F4xx_HAL_Driver/Src/stm32f4xx_hal_tim.o
 .text.TIM_ITRx_SetConfig
                0x0000000008006146       0x36 ./Drivers/STM32F4xx_HAL_Driver/Src/stm32f4xx_hal_tim.o
 .text.TIM_ETR_SetConfig
                0x000000000800617c       0x40 ./Drivers/STM32F4xx_HAL_Driver/Src/stm32f4xx_hal_tim.o
                0x000000000800617c                TIM_ETR_SetConfig
 .text.HAL_TIMEx_MasterConfigSynchronization
                0x00000000080061bc       0xf8 ./Drivers/STM32F4xx_HAL_Driver/Src/stm32f4xx_hal_tim_ex.o
                0x00000000080061bc                HAL_TIMEx_MasterConfigSynchronization
 .text.HAL_TIMEx_CommutCallback
                0x00000000080062b4       0x14 ./Drivers/STM32F4xx_HAL_Driver/Src/stm32f4xx_hal_tim_ex.o
                0x00000000080062b4                HAL_TIMEx_CommutCallback
 .text.HAL_TIMEx_BreakCallback
                0x00000000080062c8       0x14 ./Drivers/STM32F4xx_HAL_Driver/Src/stm32f4xx_hal_tim_ex.o
                0x00000000080062c8                HAL_TIMEx_BreakCallback
 .text.HAL_UART_Init
                0x00000000080062dc       0x9a ./Drivers/STM32F4xx_HAL_Driver/Src/stm32f4xx_hal_uart.o
                0x00000000080062dc                HAL_UART_Init
 .text.HAL_UART_Transmit
                0x0000000008006376      0x124 ./Drivers/STM32F4xx_HAL_Driver/Src/stm32f4xx_hal_uart.o
                0x0000000008006376                HAL_UART_Transmit
 *fill*         0x000000000800649a        0x2 
 .text.HAL_UART_IRQHandler
                0x000000000800649c      0x51c ./Drivers/STM32F4xx_HAL_Driver/Src/stm32f4xx_hal_uart.o
                0x000000000800649c                HAL_UART_IRQHandler
 .text.HAL_UART_TxCpltCallback
                0x00000000080069b8       0x14 ./Drivers/STM32F4xx_HAL_Driver/Src/stm32f4xx_hal_uart.o
                0x00000000080069b8                HAL_UART_TxCpltCallback
 .text.HAL_UART_RxCpltCallback
                0x00000000080069cc       0x14 ./Drivers/STM32F4xx_HAL_Driver/Src/stm32f4xx_hal_uart.o
                0x00000000080069cc                HAL_UART_RxCpltCallback
 .text.HAL_UART_ErrorCallback
                0x00000000080069e0       0x14 ./Drivers/STM32F4xx_HAL_Driver/Src/stm32f4xx_hal_uart.o
                0x00000000080069e0                HAL_UART_ErrorCallback
 .text.HAL_UARTEx_RxEventCallback
                0x00000000080069f4       0x18 ./Drivers/STM32F4xx_HAL_Driver/Src/stm32f4xx_hal_uart.o
                0x00000000080069f4                HAL_UARTEx_RxEventCallback
 .text.UART_WaitOnFlagUntilTimeout
                0x0000000008006a0c       0xdc ./Drivers/STM32F4xx_HAL_Driver/Src/stm32f4xx_hal_uart.o
 .text.UART_EndRxTransfer
                0x0000000008006ae8       0xc6 ./Drivers/STM32F4xx_HAL_Driver/Src/stm32f4xx_hal_uart.o
 .text.UART_DMAAbortOnError
                0x0000000008006bae       0x28 ./Drivers/STM32F4xx_HAL_Driver/Src/stm32f4xx_hal_uart.o
 .text.UART_Transmit_IT
                0x0000000008006bd6       0xa0 ./Drivers/STM32F4xx_HAL_Driver/Src/stm32f4xx_hal_uart.o
 .text.UART_EndTransmit_IT
                0x0000000008006c76       0x30 ./Drivers/STM32F4xx_HAL_Driver/Src/stm32f4xx_hal_uart.o
 .text.UART_Receive_IT
                0x0000000008006ca6      0x176 ./Drivers/STM32F4xx_HAL_Driver/Src/stm32f4xx_hal_uart.o
 .text.UART_SetConfig
                0x0000000008006e1c      0x4e8 ./Drivers/STM32F4xx_HAL_Driver/Src/stm32f4xx_hal_uart.o
 .text.__errno  0x0000000008007304        0xc c:/st/stm32cubeide_1.10.1/stm32cubeide/plugins/com.st.stm32cube.ide.mcu.externaltools.gnu-tools-for-stm32.10.3-2021.10.win32_1.0.0.202111181127/tools/bin/../lib/gcc/arm-none-eabi/10.3.1/../../../../arm-none-eabi/lib/thumb/v7e-m+fp/hard\libc_nano.a(lib_a-errno.o)
                0x0000000008007304                __errno
 .text.__libc_init_array
                0x0000000008007310       0x48 c:/st/stm32cubeide_1.10.1/stm32cubeide/plugins/com.st.stm32cube.ide.mcu.externaltools.gnu-tools-for-stm32.10.3-2021.10.win32_1.0.0.202111181127/tools/bin/../lib/gcc/arm-none-eabi/10.3.1/../../../../arm-none-eabi/lib/thumb/v7e-m+fp/hard\libc_nano.a(lib_a-init.o)
                0x0000000008007310                __libc_init_array
 .text.memset   0x0000000008007358       0x10 c:/st/stm32cubeide_1.10.1/stm32cubeide/plugins/com.st.stm32cube.ide.mcu.externaltools.gnu-tools-for-stm32.10.3-2021.10.win32_1.0.0.202111181127/tools/bin/../lib/gcc/arm-none-eabi/10.3.1/../../../../arm-none-eabi/lib/thumb/v7e-m+fp/hard\libc_nano.a(lib_a-memset.o)
                0x0000000008007358                memset
 .text.sprintf  0x0000000008007368       0x40 c:/st/stm32cubeide_1.10.1/stm32cubeide/plugins/com.st.stm32cube.ide.mcu.externaltools.gnu-tools-for-stm32.10.3-2021.10.win32_1.0.0.202111181127/tools/bin/../lib/gcc/arm-none-eabi/10.3.1/../../../../arm-none-eabi/lib/thumb/v7e-m+fp/hard\libc_nano.a(lib_a-sprintf.o)
                0x0000000008007368                siprintf
                0x0000000008007368                sprintf
 .text.__ssputs_r
                0x00000000080073a8       0xb6 c:/st/stm32cubeide_1.10.1/stm32cubeide/plugins/com.st.stm32cube.ide.mcu.externaltools.gnu-tools-for-stm32.10.3-2021.10.win32_1.0.0.202111181127/tools/bin/../lib/gcc/arm-none-eabi/10.3.1/../../../../arm-none-eabi/lib/thumb/v7e-m+fp/hard\libc_nano.a(lib_a-nano-svfprintf.o)
                0x00000000080073a8                __ssputs_r
 *fill*         0x000000000800745e        0x2 
 .text._svfprintf_r
                0x0000000008007460      0x200 c:/st/stm32cubeide_1.10.1/stm32cubeide/plugins/com.st.stm32cube.ide.mcu.externaltools.gnu-tools-for-stm32.10.3-2021.10.win32_1.0.0.202111181127/tools/bin/../lib/gcc/arm-none-eabi/10.3.1/../../../../arm-none-eabi/lib/thumb/v7e-m+fp/hard\libc_nano.a(lib_a-nano-svfprintf.o)
                0x0000000008007460                _svfiprintf_r
                0x0000000008007460                _svfprintf_r
 .text._printf_common
                0x0000000008007660       0xda c:/st/stm32cubeide_1.10.1/stm32cubeide/plugins/com.st.stm32cube.ide.mcu.externaltools.gnu-tools-for-stm32.10.3-2021.10.win32_1.0.0.202111181127/tools/bin/../lib/gcc/arm-none-eabi/10.3.1/../../../../arm-none-eabi/lib/thumb/v7e-m+fp/hard\libc_nano.a(lib_a-nano-vfprintf_i.o)
                0x0000000008007660                _printf_common
 *fill*         0x000000000800773a        0x2 
 .text._printf_i
                0x000000000800773c      0x24c c:/st/stm32cubeide_1.10.1/stm32cubeide/plugins/com.st.stm32cube.ide.mcu.externaltools.gnu-tools-for-stm32.10.3-2021.10.win32_1.0.0.202111181127/tools/bin/../lib/gcc/arm-none-eabi/10.3.1/../../../../arm-none-eabi/lib/thumb/v7e-m+fp/hard\libc_nano.a(lib_a-nano-vfprintf_i.o)
                0x000000000800773c                _printf_i
 .text.memcpy   0x0000000008007988       0x1c c:/st/stm32cubeide_1.10.1/stm32cubeide/plugins/com.st.stm32cube.ide.mcu.externaltools.gnu-tools-for-stm32.10.3-2021.10.win32_1.0.0.202111181127/tools/bin/../lib/gcc/arm-none-eabi/10.3.1/../../../../arm-none-eabi/lib/thumb/v7e-m+fp/hard\libc_nano.a(lib_a-memcpy-stub.o)
                0x0000000008007988                memcpy
 .text.memmove  0x00000000080079a4       0x34 c:/st/stm32cubeide_1.10.1/stm32cubeide/plugins/com.st.stm32cube.ide.mcu.externaltools.gnu-tools-for-stm32.10.3-2021.10.win32_1.0.0.202111181127/tools/bin/../lib/gcc/arm-none-eabi/10.3.1/../../../../arm-none-eabi/lib/thumb/v7e-m+fp/hard\libc_nano.a(lib_a-memmove.o)
                0x00000000080079a4                memmove
 .text._free_r  0x00000000080079d8       0x98 c:/st/stm32cubeide_1.10.1/stm32cubeide/plugins/com.st.stm32cube.ide.mcu.externaltools.gnu-tools-for-stm32.10.3-2021.10.win32_1.0.0.202111181127/tools/bin/../lib/gcc/arm-none-eabi/10.3.1/../../../../arm-none-eabi/lib/thumb/v7e-m+fp/hard\libc_nano.a(lib_a-nano-freer.o)
                0x00000000080079d8                _free_r
 .text.sbrk_aligned
                0x0000000008007a70       0x40 c:/st/stm32cubeide_1.10.1/stm32cubeide/plugins/com.st.stm32cube.ide.mcu.externaltools.gnu-tools-for-stm32.10.3-2021.10.win32_1.0.0.202111181127/tools/bin/../lib/gcc/arm-none-eabi/10.3.1/../../../../arm-none-eabi/lib/thumb/v7e-m+fp/hard\libc_nano.a(lib_a-nano-mallocr.o)
 .text._malloc_r
                0x0000000008007ab0       0xe8 c:/st/stm32cubeide_1.10.1/stm32cubeide/plugins/com.st.stm32cube.ide.mcu.externaltools.gnu-tools-for-stm32.10.3-2021.10.win32_1.0.0.202111181127/tools/bin/../lib/gcc/arm-none-eabi/10.3.1/../../../../arm-none-eabi/lib/thumb/v7e-m+fp/hard\libc_nano.a(lib_a-nano-mallocr.o)
                0x0000000008007ab0                _malloc_r
 .text._realloc_r
                0x0000000008007b98       0x5e c:/st/stm32cubeide_1.10.1/stm32cubeide/plugins/com.st.stm32cube.ide.mcu.externaltools.gnu-tools-for-stm32.10.3-2021.10.win32_1.0.0.202111181127/tools/bin/../lib/gcc/arm-none-eabi/10.3.1/../../../../arm-none-eabi/lib/thumb/v7e-m+fp/hard\libc_nano.a(lib_a-nano-reallocr.o)
                0x0000000008007b98                _realloc_r
 *fill*         0x0000000008007bf6        0x2 
 .text._sbrk_r  0x0000000008007bf8       0x20 c:/st/stm32cubeide_1.10.1/stm32cubeide/plugins/com.st.stm32cube.ide.mcu.externaltools.gnu-tools-for-stm32.10.3-2021.10.win32_1.0.0.202111181127/tools/bin/../lib/gcc/arm-none-eabi/10.3.1/../../../../arm-none-eabi/lib/thumb/v7e-m+fp/hard\libc_nano.a(lib_a-sbrkr.o)
                0x0000000008007bf8                _sbrk_r
 .text.__malloc_lock
                0x0000000008007c18        0xc c:/st/stm32cubeide_1.10.1/stm32cubeide/plugins/com.st.stm32cube.ide.mcu.externaltools.gnu-tools-for-stm32.10.3-2021.10.win32_1.0.0.202111181127/tools/bin/../lib/gcc/arm-none-eabi/10.3.1/../../../../arm-none-eabi/lib/thumb/v7e-m+fp/hard\libc_nano.a(lib_a-mlock.o)
                0x0000000008007c18                __malloc_lock
 .text.__malloc_unlock
                0x0000000008007c24        0xc c:/st/stm32cubeide_1.10.1/stm32cubeide/plugins/com.st.stm32cube.ide.mcu.externaltools.gnu-tools-for-stm32.10.3-2021.10.win32_1.0.0.202111181127/tools/bin/../lib/gcc/arm-none-eabi/10.3.1/../../../../arm-none-eabi/lib/thumb/v7e-m+fp/hard\libc_nano.a(lib_a-mlock.o)
                0x0000000008007c24                __malloc_unlock
 .text._malloc_usable_size_r
                0x0000000008007c30       0x10 c:/st/stm32cubeide_1.10.1/stm32cubeide/plugins/com.st.stm32cube.ide.mcu.externaltools.gnu-tools-for-stm32.10.3-2021.10.win32_1.0.0.202111181127/tools/bin/../lib/gcc/arm-none-eabi/10.3.1/../../../../arm-none-eabi/lib/thumb/v7e-m+fp/hard\libc_nano.a(lib_a-nano-msizer.o)
                0x0000000008007c30                _malloc_usable_size_r
 .text.__retarget_lock_acquire_recursive
                0x0000000008007c40        0x2 c:/st/stm32cubeide_1.10.1/stm32cubeide/plugins/com.st.stm32cube.ide.mcu.externaltools.gnu-tools-for-stm32.10.3-2021.10.win32_1.0.0.202111181127/tools/bin/../lib/gcc/arm-none-eabi/10.3.1/../../../../arm-none-eabi/lib/thumb/v7e-m+fp/hard\libc_nano.a(lib_a-lock.o)
                0x0000000008007c40                __retarget_lock_acquire_recursive
 .text.__retarget_lock_release_recursive
                0x0000000008007c42        0x2 c:/st/stm32cubeide_1.10.1/stm32cubeide/plugins/com.st.stm32cube.ide.mcu.externaltools.gnu-tools-for-stm32.10.3-2021.10.win32_1.0.0.202111181127/tools/bin/../lib/gcc/arm-none-eabi/10.3.1/../../../../arm-none-eabi/lib/thumb/v7e-m+fp/hard\libc_nano.a(lib_a-lock.o)
                0x0000000008007c42                __retarget_lock_release_recursive
 *(.glue_7)
 .glue_7        0x0000000008007c44        0x0 linker stubs
 *(.glue_7t)
 .glue_7t       0x0000000008007c44        0x0 linker stubs
 *(.eh_frame)
 .eh_frame      0x0000000008007c44        0x0 c:/st/stm32cubeide_1.10.1/stm32cubeide/plugins/com.st.stm32cube.ide.mcu.externaltools.gnu-tools-for-stm32.10.3-2021.10.win32_1.0.0.202111181127/tools/bin/../lib/gcc/arm-none-eabi/10.3.1/thumb/v7e-m+fp/hard/crtbegin.o
 *(.init)
 .init          0x0000000008007c44        0x4 c:/st/stm32cubeide_1.10.1/stm32cubeide/plugins/com.st.stm32cube.ide.mcu.externaltools.gnu-tools-for-stm32.10.3-2021.10.win32_1.0.0.202111181127/tools/bin/../lib/gcc/arm-none-eabi/10.3.1/thumb/v7e-m+fp/hard/crti.o
                0x0000000008007c44                _init
 .init          0x0000000008007c48        0x8 c:/st/stm32cubeide_1.10.1/stm32cubeide/plugins/com.st.stm32cube.ide.mcu.externaltools.gnu-tools-for-stm32.10.3-2021.10.win32_1.0.0.202111181127/tools/bin/../lib/gcc/arm-none-eabi/10.3.1/thumb/v7e-m+fp/hard/crtn.o
 *(.fini)
 .fini          0x0000000008007c50        0x4 c:/st/stm32cubeide_1.10.1/stm32cubeide/plugins/com.st.stm32cube.ide.mcu.externaltools.gnu-tools-for-stm32.10.3-2021.10.win32_1.0.0.202111181127/tools/bin/../lib/gcc/arm-none-eabi/10.3.1/thumb/v7e-m+fp/hard/crti.o
                0x0000000008007c50                _fini
 .fini          0x0000000008007c54        0x8 c:/st/stm32cubeide_1.10.1/stm32cubeide/plugins/com.st.stm32cube.ide.mcu.externaltools.gnu-tools-for-stm32.10.3-2021.10.win32_1.0.0.202111181127/tools/bin/../lib/gcc/arm-none-eabi/10.3.1/thumb/v7e-m+fp/hard/crtn.o
                0x0000000008007c5c                . = ALIGN (0x4)
                0x0000000008007c5c                _etext = .

.vfp11_veneer   0x0000000008007c5c        0x0
 .vfp11_veneer  0x0000000008007c5c        0x0 linker stubs

.v4_bx          0x0000000008007c5c        0x0
 .v4_bx         0x0000000008007c5c        0x0 linker stubs

.iplt           0x0000000008007c5c        0x0
 .iplt          0x0000000008007c5c        0x0 c:/st/stm32cubeide_1.10.1/stm32cubeide/plugins/com.st.stm32cube.ide.mcu.externaltools.gnu-tools-for-stm32.10.3-2021.10.win32_1.0.0.202111181127/tools/bin/../lib/gcc/arm-none-eabi/10.3.1/thumb/v7e-m+fp/hard/crtbegin.o

.rodata         0x0000000008007c5c      0xf40
                0x0000000008007c5c                . = ALIGN (0x4)
 *(.rodata)
 .rodata        0x0000000008007c5c      0x100 ./Core/Src/main.o
 .rodata        0x0000000008007d5c       0x97 ./Core/Src/st7789.o
 *(.rodata*)
 *fill*         0x0000000008007df3        0x1 
 .rodata.Font11x18
                0x0000000008007df4      0xd5c ./Core/Src/fonts.o
 .rodata.AHBPrescTable
                0x0000000008008b50       0x10 ./Core/Src/system_stm32f4xx.o
                0x0000000008008b50                AHBPrescTable
 .rodata.APBPrescTable
                0x0000000008008b60        0x8 ./Core/Src/system_stm32f4xx.o
                0x0000000008008b60                APBPrescTable
 .rodata._svfprintf_r.str1.1
                0x0000000008008b68       0x11 c:/st/stm32cubeide_1.10.1/stm32cubeide/plugins/com.st.stm32cube.ide.mcu.externaltools.gnu-tools-for-stm32.10.3-2021.10.win32_1.0.0.202111181127/tools/bin/../lib/gcc/arm-none-eabi/10.3.1/../../../../arm-none-eabi/lib/thumb/v7e-m+fp/hard\libc_nano.a(lib_a-nano-svfprintf.o)
 .rodata._printf_i.str1.1
                0x0000000008008b79       0x22 c:/st/stm32cubeide_1.10.1/stm32cubeide/plugins/com.st.stm32cube.ide.mcu.externaltools.gnu-tools-for-stm32.10.3-2021.10.win32_1.0.0.202111181127/tools/bin/../lib/gcc/arm-none-eabi/10.3.1/../../../../arm-none-eabi/lib/thumb/v7e-m+fp/hard\libc_nano.a(lib_a-nano-vfprintf_i.o)
                0x0000000008008b9c                . = ALIGN (0x4)
 *fill*         0x0000000008008b9b        0x1 

.ARM.extab      0x0000000008008b9c        0x0
                0x0000000008008b9c                . = ALIGN (0x4)
 *(.ARM.extab* .gnu.linkonce.armextab.*)
                0x0000000008008b9c                . = ALIGN (0x4)

.ARM            0x0000000008008b9c        0x8
                0x0000000008008b9c                . = ALIGN (0x4)
                0x0000000008008b9c                __exidx_start = .
 *(.ARM.exidx*)
 .ARM.exidx     0x0000000008008b9c        0x8 c:/st/stm32cubeide_1.10.1/stm32cubeide/plugins/com.st.stm32cube.ide.mcu.externaltools.gnu-tools-for-stm32.10.3-2021.10.win32_1.0.0.202111181127/tools/bin/../lib/gcc/arm-none-eabi/10.3.1/thumb/v7e-m+fp/hard\libgcc.a(_udivmoddi4.o)
                0x0000000008008ba4                __exidx_end = .
                0x0000000008008ba4                . = ALIGN (0x4)

.rel.dyn        0x0000000008008ba4        0x0
 .rel.iplt      0x0000000008008ba4        0x0 c:/st/stm32cubeide_1.10.1/stm32cubeide/plugins/com.st.stm32cube.ide.mcu.externaltools.gnu-tools-for-stm32.10.3-2021.10.win32_1.0.0.202111181127/tools/bin/../lib/gcc/arm-none-eabi/10.3.1/thumb/v7e-m+fp/hard/crtbegin.o

.preinit_array  0x0000000008008ba4        0x0
                0x0000000008008ba4                . = ALIGN (0x4)
                0x0000000008008ba4                PROVIDE (__preinit_array_start = .)
 *(.preinit_array*)
                0x0000000008008ba4                PROVIDE (__preinit_array_end = .)
                0x0000000008008ba4                . = ALIGN (0x4)

.init_array     0x0000000008008ba4        0x4
                0x0000000008008ba4                . = ALIGN (0x4)
                0x0000000008008ba4                PROVIDE (__init_array_start = .)
 *(SORT_BY_NAME(.init_array.*))
 *(.init_array*)
 .init_array    0x0000000008008ba4        0x4 c:/st/stm32cubeide_1.10.1/stm32cubeide/plugins/com.st.stm32cube.ide.mcu.externaltools.gnu-tools-for-stm32.10.3-2021.10.win32_1.0.0.202111181127/tools/bin/../lib/gcc/arm-none-eabi/10.3.1/thumb/v7e-m+fp/hard/crtbegin.o
                0x0000000008008ba8                PROVIDE (__init_array_end = .)
                0x0000000008008ba8                . = ALIGN (0x4)

.fini_array     0x0000000008008ba8        0x4
                0x0000000008008ba8                . = ALIGN (0x4)
                [!provide]                        PROVIDE (__fini_array_start = .)
 *(SORT_BY_NAME(.fini_array.*))
 *(.fini_array*)
 .fini_array    0x0000000008008ba8        0x4 c:/st/stm32cubeide_1.10.1/stm32cubeide/plugins/com.st.stm32cube.ide.mcu.externaltools.gnu-tools-for-stm32.10.3-2021.10.win32_1.0.0.202111181127/tools/bin/../lib/gcc/arm-none-eabi/10.3.1/thumb/v7e-m+fp/hard/crtbegin.o
                [!provide]                        PROVIDE (__fini_array_end = .)
                0x0000000008008bac                . = ALIGN (0x4)
                0x0000000008008bac                _sidata = LOADADDR (.data)

.data           0x0000000020000000       0x7c load address 0x0000000008008bac
                0x0000000020000000                . = ALIGN (0x4)
                0x0000000020000000                _sdata = .
 *(.data)
 *(.data*)
 .data.Font_11x18
                0x0000000020000000        0x8 ./Core/Src/fonts.o
                0x0000000020000000                Font_11x18
 .data.CYCLE    0x0000000020000008        0x4 ./Core/Src/global.o
                0x0000000020000008                CYCLE
 .data.SystemCoreClock
                0x000000002000000c        0x4 ./Core/Src/system_stm32f4xx.o
                0x000000002000000c                SystemCoreClock
 .data.uwTickPrio
                0x0000000020000010        0x4 ./Drivers/STM32F4xx_HAL_Driver/Src/stm32f4xx_hal.o
                0x0000000020000010                uwTickPrio
 .data.uwTickFreq
                0x0000000020000014        0x1 ./Drivers/STM32F4xx_HAL_Driver/Src/stm32f4xx_hal.o
                0x0000000020000014                uwTickFreq
 *fill*         0x0000000020000015        0x3 
 .data._impure_ptr
                0x0000000020000018        0x4 c:/st/stm32cubeide_1.10.1/stm32cubeide/plugins/com.st.stm32cube.ide.mcu.externaltools.gnu-tools-for-stm32.10.3-2021.10.win32_1.0.0.202111181127/tools/bin/../lib/gcc/arm-none-eabi/10.3.1/../../../../arm-none-eabi/lib/thumb/v7e-m+fp/hard\libc_nano.a(lib_a-impure.o)
                0x0000000020000018                _impure_ptr
 .data.impure_data
                0x000000002000001c       0x60 c:/st/stm32cubeide_1.10.1/stm32cubeide/plugins/com.st.stm32cube.ide.mcu.externaltools.gnu-tools-for-stm32.10.3-2021.10.win32_1.0.0.202111181127/tools/bin/../lib/gcc/arm-none-eabi/10.3.1/../../../../arm-none-eabi/lib/thumb/v7e-m+fp/hard\libc_nano.a(lib_a-impure.o)
 *(.RamFunc)
 *(.RamFunc*)
                0x000000002000007c                . = ALIGN (0x4)
                0x000000002000007c                _edata = .
                0x0000000008008c28                _siccmram = LOADADDR (.ccmram)

.igot.plt       0x000000002000007c        0x0 load address 0x0000000008008c28
 .igot.plt      0x000000002000007c        0x0 c:/st/stm32cubeide_1.10.1/stm32cubeide/plugins/com.st.stm32cube.ide.mcu.externaltools.gnu-tools-for-stm32.10.3-2021.10.win32_1.0.0.202111181127/tools/bin/../lib/gcc/arm-none-eabi/10.3.1/thumb/v7e-m+fp/hard/crtbegin.o

.ccmram         0x0000000010000000        0x0 load address 0x0000000008008c28
                0x0000000010000000                . = ALIGN (0x4)
                0x0000000010000000                _sccmram = .
 *(.ccmram)
 *(.ccmram*)
                0x0000000010000000                . = ALIGN (0x4)
                0x0000000010000000                _eccmram = .
                0x0000000010000000                . = ALIGN (0x4)

.bss            0x000000002000007c      0x26c
                0x000000002000007c                _sbss = .
                0x000000002000007c                __bss_start__ = _sbss
 *(.bss)
 .bss           0x000000002000007c       0x1c c:/st/stm32cubeide_1.10.1/stm32cubeide/plugins/com.st.stm32cube.ide.mcu.externaltools.gnu-tools-for-stm32.10.3-2021.10.win32_1.0.0.202111181127/tools/bin/../lib/gcc/arm-none-eabi/10.3.1/thumb/v7e-m+fp/hard/crtbegin.o
 *(.bss*)
 .bss.str       0x0000000020000098       0x14 ./Core/Src/global.o
                0x0000000020000098                str
 .bss.hspi1     0x00000000200000ac       0x58 ./Core/Src/global.o
                0x00000000200000ac                hspi1
 .bss.buttonBuffer
                0x0000000020000104        0x6 ./Core/Src/input_reading.o
 *fill*         0x000000002000010a        0x2 
 .bss.debounceButtonBuffer1
                0x000000002000010c        0x6 ./Core/Src/input_reading.o
 *fill*         0x0000000020000112        0x2 
 .bss.debounceButtonBuffer2
                0x0000000020000114        0x6 ./Core/Src/input_reading.o
 *fill*         0x000000002000011a        0x2 
 .bss.debounceButtonBuffer3
                0x000000002000011c        0x6 ./Core/Src/input_reading.o
 *fill*         0x0000000020000122        0x2 
 .bss.flagForButtonPress1s
                0x0000000020000124        0x6 ./Core/Src/input_reading.o
 *fill*         0x000000002000012a        0x2 
 .bss.counterForButtonPress1s
                0x000000002000012c        0xc ./Core/Src/input_reading.o
 .bss.button_flag
                0x0000000020000138       0x18 ./Core/Src/input_reading.o
                0x0000000020000138                button_flag
 .bss.hadc1     0x0000000020000150       0x48 ./Core/Src/main.o
                0x0000000020000150                hadc1
 .bss.hcan1     0x0000000020000198       0x28 ./Core/Src/main.o
                0x0000000020000198                hcan1
 .bss.htim2     0x00000000200001c0       0x48 ./Core/Src/main.o
                0x00000000200001c0                htim2
 .bss.huart1    0x0000000020000208       0x44 ./Core/Src/main.o
                0x0000000020000208                huart1
 .bss.TxHeader1
                0x000000002000024c       0x18 ./Core/Src/main.o
                0x000000002000024c                TxHeader1
 .bss.RxHeader1
                0x0000000020000264       0x1c ./Core/Src/main.o
                0x0000000020000264                RxHeader1
 .bss.TxData1   0x0000000020000280        0x8 ./Core/Src/main.o
                0x0000000020000280                TxData1
 .bss.RxData1   0x0000000020000288        0x8 ./Core/Src/main.o
                0x0000000020000288                RxData1
 .bss.TxMailbox
                0x0000000020000290        0x4 ./Core/Src/main.o
                0x0000000020000290                TxMailbox
 .bss.datacheck1
                0x0000000020000294        0x4 ./Core/Src/main.o
                0x0000000020000294                datacheck1
 .bss.service_2E_state
                0x0000000020000298        0x4 ./Core/Src/main.o
                0x0000000020000298                service_2E_state
 .bss.service_27_state
                0x000000002000029c        0x4 ./Core/Src/main.o
                0x000000002000029c                service_27_state
 .bss.cur_button
                0x00000000200002a0        0x4 ./Core/Src/main.o
                0x00000000200002a0                cur_button
 .bss.lcd_str   0x00000000200002a4        0xa ./Core/Src/main.o
                0x00000000200002a4                lcd_str
 *fill*         0x00000000200002ae        0x2 
 .bss.timer0_flag
                0x00000000200002b0        0x4 ./Core/Src/software_timer.o
                0x00000000200002b0                timer0_flag
 .bss.timer0_count
                0x00000000200002b4        0x4 ./Core/Src/software_timer.o
                0x00000000200002b4                timer0_count
 .bss.timer1_flag
                0x00000000200002b8        0x4 ./Core/Src/software_timer.o
                0x00000000200002b8                timer1_flag
 .bss.timer1_count
                0x00000000200002bc        0x4 ./Core/Src/software_timer.o
                0x00000000200002bc                timer1_count
 .bss.timer2_flag
                0x00000000200002c0        0x4 ./Core/Src/software_timer.o
                0x00000000200002c0                timer2_flag
 .bss.timer2_count
                0x00000000200002c4        0x4 ./Core/Src/software_timer.o
                0x00000000200002c4                timer2_count
 .bss.timer3_flag
                0x00000000200002c8        0x4 ./Core/Src/software_timer.o
                0x00000000200002c8                timer3_flag
 .bss.timer3_count
                0x00000000200002cc        0x4 ./Core/Src/software_timer.o
                0x00000000200002cc                timer3_count
 .bss.__sbrk_heap_end
                0x00000000200002d0        0x4 ./Core/Src/sysmem.o
 .bss.uwTick    0x00000000200002d4        0x4 ./Drivers/STM32F4xx_HAL_Driver/Src/stm32f4xx_hal.o
                0x00000000200002d4                uwTick
 .bss.__malloc_free_list
                0x00000000200002d8        0x4 c:/st/stm32cubeide_1.10.1/stm32cubeide/plugins/com.st.stm32cube.ide.mcu.externaltools.gnu-tools-for-stm32.10.3-2021.10.win32_1.0.0.202111181127/tools/bin/../lib/gcc/arm-none-eabi/10.3.1/../../../../arm-none-eabi/lib/thumb/v7e-m+fp/hard\libc_nano.a(lib_a-nano-mallocr.o)
                0x00000000200002d8                __malloc_free_list
 .bss.__malloc_sbrk_start
                0x00000000200002dc        0x4 c:/st/stm32cubeide_1.10.1/stm32cubeide/plugins/com.st.stm32cube.ide.mcu.externaltools.gnu-tools-for-stm32.10.3-2021.10.win32_1.0.0.202111181127/tools/bin/../lib/gcc/arm-none-eabi/10.3.1/../../../../arm-none-eabi/lib/thumb/v7e-m+fp/hard\libc_nano.a(lib_a-nano-mallocr.o)
                0x00000000200002dc                __malloc_sbrk_start
 .bss.errno     0x00000000200002e0        0x4 c:/st/stm32cubeide_1.10.1/stm32cubeide/plugins/com.st.stm32cube.ide.mcu.externaltools.gnu-tools-for-stm32.10.3-2021.10.win32_1.0.0.202111181127/tools/bin/../lib/gcc/arm-none-eabi/10.3.1/../../../../arm-none-eabi/lib/thumb/v7e-m+fp/hard\libc_nano.a(lib_a-reent.o)
                0x00000000200002e0                errno
 .bss.__lock___malloc_recursive_mutex
                0x00000000200002e4        0x1 c:/st/stm32cubeide_1.10.1/stm32cubeide/plugins/com.st.stm32cube.ide.mcu.externaltools.gnu-tools-for-stm32.10.3-2021.10.win32_1.0.0.202111181127/tools/bin/../lib/gcc/arm-none-eabi/10.3.1/../../../../arm-none-eabi/lib/thumb/v7e-m+fp/hard\libc_nano.a(lib_a-lock.o)
                0x00000000200002e4                __lock___malloc_recursive_mutex
 *(COMMON)
                0x00000000200002e8                . = ALIGN (0x4)
 *fill*         0x00000000200002e5        0x3 
                0x00000000200002e8                _ebss = .
                0x00000000200002e8                __bss_end__ = _ebss

._user_heap_stack
                0x00000000200002e8      0x600
                0x00000000200002e8                . = ALIGN (0x8)
                [!provide]                        PROVIDE (end = .)
                0x00000000200002e8                PROVIDE (_end = .)
                0x00000000200004e8                . = (. + _Min_Heap_Size)
 *fill*         0x00000000200002e8      0x200 
                0x00000000200008e8                . = (. + _Min_Stack_Size)
 *fill*         0x00000000200004e8      0x400 
                0x00000000200008e8                . = ALIGN (0x8)

/DISCARD/
 libc.a(*)
 libm.a(*)
 libgcc.a(*)

.ARM.attributes
                0x0000000000000000       0x30
 *(.ARM.attributes)
 .ARM.attributes
                0x0000000000000000       0x1e c:/st/stm32cubeide_1.10.1/stm32cubeide/plugins/com.st.stm32cube.ide.mcu.externaltools.gnu-tools-for-stm32.10.3-2021.10.win32_1.0.0.202111181127/tools/bin/../lib/gcc/arm-none-eabi/10.3.1/thumb/v7e-m+fp/hard/crti.o
 .ARM.attributes
                0x000000000000001e       0x34 c:/st/stm32cubeide_1.10.1/stm32cubeide/plugins/com.st.stm32cube.ide.mcu.externaltools.gnu-tools-for-stm32.10.3-2021.10.win32_1.0.0.202111181127/tools/bin/../lib/gcc/arm-none-eabi/10.3.1/thumb/v7e-m+fp/hard/crtbegin.o
 .ARM.attributes
                0x0000000000000052       0x34 ./Core/Src/LCD_driver.o
 .ARM.attributes
                0x0000000000000086       0x34 ./Core/Src/fonts.o
 .ARM.attributes
                0x00000000000000ba       0x34 ./Core/Src/global.o
 .ARM.attributes
                0x00000000000000ee       0x34 ./Core/Src/input_reading.o
 .ARM.attributes
                0x0000000000000122       0x34 ./Core/Src/main.o
 .ARM.attributes
                0x0000000000000156       0x34 ./Core/Src/software_timer.o
 .ARM.attributes
                0x000000000000018a       0x34 ./Core/Src/st7789.o
 .ARM.attributes
                0x00000000000001be       0x34 ./Core/Src/stm32f4xx_hal_msp.o
 .ARM.attributes
                0x00000000000001f2       0x34 ./Core/Src/stm32f4xx_it.o
 .ARM.attributes
                0x0000000000000226       0x34 ./Core/Src/sysmem.o
 .ARM.attributes
                0x000000000000025a       0x34 ./Core/Src/system_stm32f4xx.o
 .ARM.attributes
                0x000000000000028e       0x21 ./Core/Startup/startup_stm32f405rgtx.o
 .ARM.attributes
                0x00000000000002af       0x34 ./Drivers/STM32F4xx_HAL_Driver/Src/stm32f4xx_hal.o
 .ARM.attributes
                0x00000000000002e3       0x34 ./Drivers/STM32F4xx_HAL_Driver/Src/stm32f4xx_hal_adc.o
 .ARM.attributes
                0x0000000000000317       0x34 ./Drivers/STM32F4xx_HAL_Driver/Src/stm32f4xx_hal_can.o
 .ARM.attributes
                0x000000000000034b       0x34 ./Drivers/STM32F4xx_HAL_Driver/Src/stm32f4xx_hal_cortex.o
 .ARM.attributes
                0x000000000000037f       0x34 ./Drivers/STM32F4xx_HAL_Driver/Src/stm32f4xx_hal_dma.o
 .ARM.attributes
                0x00000000000003b3       0x34 ./Drivers/STM32F4xx_HAL_Driver/Src/stm32f4xx_hal_gpio.o
 .ARM.attributes
                0x00000000000003e7       0x34 ./Drivers/STM32F4xx_HAL_Driver/Src/stm32f4xx_hal_rcc.o
 .ARM.attributes
                0x000000000000041b       0x34 ./Drivers/STM32F4xx_HAL_Driver/Src/stm32f4xx_hal_spi.o
 .ARM.attributes
                0x000000000000044f       0x34 ./Drivers/STM32F4xx_HAL_Driver/Src/stm32f4xx_hal_tim.o
 .ARM.attributes
                0x0000000000000483       0x34 ./Drivers/STM32F4xx_HAL_Driver/Src/stm32f4xx_hal_tim_ex.o
 .ARM.attributes
                0x00000000000004b7       0x34 ./Drivers/STM32F4xx_HAL_Driver/Src/stm32f4xx_hal_uart.o
 .ARM.attributes
                0x00000000000004eb       0x34 c:/st/stm32cubeide_1.10.1/stm32cubeide/plugins/com.st.stm32cube.ide.mcu.externaltools.gnu-tools-for-stm32.10.3-2021.10.win32_1.0.0.202111181127/tools/bin/../lib/gcc/arm-none-eabi/10.3.1/../../../../arm-none-eabi/lib/thumb/v7e-m+fp/hard\libc_nano.a(lib_a-errno.o)
 .ARM.attributes
                0x000000000000051f       0x34 c:/st/stm32cubeide_1.10.1/stm32cubeide/plugins/com.st.stm32cube.ide.mcu.externaltools.gnu-tools-for-stm32.10.3-2021.10.win32_1.0.0.202111181127/tools/bin/../lib/gcc/arm-none-eabi/10.3.1/../../../../arm-none-eabi/lib/thumb/v7e-m+fp/hard\libc_nano.a(lib_a-impure.o)
 .ARM.attributes
                0x0000000000000553       0x34 c:/st/stm32cubeide_1.10.1/stm32cubeide/plugins/com.st.stm32cube.ide.mcu.externaltools.gnu-tools-for-stm32.10.3-2021.10.win32_1.0.0.202111181127/tools/bin/../lib/gcc/arm-none-eabi/10.3.1/../../../../arm-none-eabi/lib/thumb/v7e-m+fp/hard\libc_nano.a(lib_a-init.o)
 .ARM.attributes
                0x0000000000000587       0x34 c:/st/stm32cubeide_1.10.1/stm32cubeide/plugins/com.st.stm32cube.ide.mcu.externaltools.gnu-tools-for-stm32.10.3-2021.10.win32_1.0.0.202111181127/tools/bin/../lib/gcc/arm-none-eabi/10.3.1/../../../../arm-none-eabi/lib/thumb/v7e-m+fp/hard\libc_nano.a(lib_a-memset.o)
 .ARM.attributes
                0x00000000000005bb       0x34 c:/st/stm32cubeide_1.10.1/stm32cubeide/plugins/com.st.stm32cube.ide.mcu.externaltools.gnu-tools-for-stm32.10.3-2021.10.win32_1.0.0.202111181127/tools/bin/../lib/gcc/arm-none-eabi/10.3.1/../../../../arm-none-eabi/lib/thumb/v7e-m+fp/hard\libc_nano.a(lib_a-sprintf.o)
 .ARM.attributes
                0x00000000000005ef       0x34 c:/st/stm32cubeide_1.10.1/stm32cubeide/plugins/com.st.stm32cube.ide.mcu.externaltools.gnu-tools-for-stm32.10.3-2021.10.win32_1.0.0.202111181127/tools/bin/../lib/gcc/arm-none-eabi/10.3.1/../../../../arm-none-eabi/lib/thumb/v7e-m+fp/hard\libc_nano.a(lib_a-nano-svfprintf.o)
 .ARM.attributes
                0x0000000000000623       0x34 c:/st/stm32cubeide_1.10.1/stm32cubeide/plugins/com.st.stm32cube.ide.mcu.externaltools.gnu-tools-for-stm32.10.3-2021.10.win32_1.0.0.202111181127/tools/bin/../lib/gcc/arm-none-eabi/10.3.1/../../../../arm-none-eabi/lib/thumb/v7e-m+fp/hard\libc_nano.a(lib_a-nano-vfprintf_i.o)
 .ARM.attributes
                0x0000000000000657       0x1c c:/st/stm32cubeide_1.10.1/stm32cubeide/plugins/com.st.stm32cube.ide.mcu.externaltools.gnu-tools-for-stm32.10.3-2021.10.win32_1.0.0.202111181127/tools/bin/../lib/gcc/arm-none-eabi/10.3.1/../../../../arm-none-eabi/lib/thumb/v7e-m+fp/hard\libc_nano.a(lib_a-memchr.o)
 .ARM.attributes
                0x0000000000000673       0x34 c:/st/stm32cubeide_1.10.1/stm32cubeide/plugins/com.st.stm32cube.ide.mcu.externaltools.gnu-tools-for-stm32.10.3-2021.10.win32_1.0.0.202111181127/tools/bin/../lib/gcc/arm-none-eabi/10.3.1/../../../../arm-none-eabi/lib/thumb/v7e-m+fp/hard\libc_nano.a(lib_a-memcpy-stub.o)
 .ARM.attributes
                0x00000000000006a7       0x34 c:/st/stm32cubeide_1.10.1/stm32cubeide/plugins/com.st.stm32cube.ide.mcu.externaltools.gnu-tools-for-stm32.10.3-2021.10.win32_1.0.0.202111181127/tools/bin/../lib/gcc/arm-none-eabi/10.3.1/../../../../arm-none-eabi/lib/thumb/v7e-m+fp/hard\libc_nano.a(lib_a-memmove.o)
 .ARM.attributes
                0x00000000000006db       0x34 c:/st/stm32cubeide_1.10.1/stm32cubeide/plugins/com.st.stm32cube.ide.mcu.externaltools.gnu-tools-for-stm32.10.3-2021.10.win32_1.0.0.202111181127/tools/bin/../lib/gcc/arm-none-eabi/10.3.1/../../../../arm-none-eabi/lib/thumb/v7e-m+fp/hard\libc_nano.a(lib_a-nano-freer.o)
 .ARM.attributes
                0x000000000000070f       0x34 c:/st/stm32cubeide_1.10.1/stm32cubeide/plugins/com.st.stm32cube.ide.mcu.externaltools.gnu-tools-for-stm32.10.3-2021.10.win32_1.0.0.202111181127/tools/bin/../lib/gcc/arm-none-eabi/10.3.1/../../../../arm-none-eabi/lib/thumb/v7e-m+fp/hard\libc_nano.a(lib_a-nano-mallocr.o)
 .ARM.attributes
                0x0000000000000743       0x34 c:/st/stm32cubeide_1.10.1/stm32cubeide/plugins/com.st.stm32cube.ide.mcu.externaltools.gnu-tools-for-stm32.10.3-2021.10.win32_1.0.0.202111181127/tools/bin/../lib/gcc/arm-none-eabi/10.3.1/../../../../arm-none-eabi/lib/thumb/v7e-m+fp/hard\libc_nano.a(lib_a-nano-reallocr.o)
 .ARM.attributes
                0x0000000000000777       0x34 c:/st/stm32cubeide_1.10.1/stm32cubeide/plugins/com.st.stm32cube.ide.mcu.externaltools.gnu-tools-for-stm32.10.3-2021.10.win32_1.0.0.202111181127/tools/bin/../lib/gcc/arm-none-eabi/10.3.1/../../../../arm-none-eabi/lib/thumb/v7e-m+fp/hard\libc_nano.a(lib_a-sbrkr.o)
 .ARM.attributes
                0x00000000000007ab       0x34 c:/st/stm32cubeide_1.10.1/stm32cubeide/plugins/com.st.stm32cube.ide.mcu.externaltools.gnu-tools-for-stm32.10.3-2021.10.win32_1.0.0.202111181127/tools/bin/../lib/gcc/arm-none-eabi/10.3.1/../../../../arm-none-eabi/lib/thumb/v7e-m+fp/hard\libc_nano.a(lib_a-mlock.o)
 .ARM.attributes
                0x00000000000007df       0x34 c:/st/stm32cubeide_1.10.1/stm32cubeide/plugins/com.st.stm32cube.ide.mcu.externaltools.gnu-tools-for-stm32.10.3-2021.10.win32_1.0.0.202111181127/tools/bin/../lib/gcc/arm-none-eabi/10.3.1/../../../../arm-none-eabi/lib/thumb/v7e-m+fp/hard\libc_nano.a(lib_a-nano-msizer.o)
 .ARM.attributes
                0x0000000000000813       0x34 c:/st/stm32cubeide_1.10.1/stm32cubeide/plugins/com.st.stm32cube.ide.mcu.externaltools.gnu-tools-for-stm32.10.3-2021.10.win32_1.0.0.202111181127/tools/bin/../lib/gcc/arm-none-eabi/10.3.1/../../../../arm-none-eabi/lib/thumb/v7e-m+fp/hard\libc_nano.a(lib_a-reent.o)
 .ARM.attributes
                0x0000000000000847       0x34 c:/st/stm32cubeide_1.10.1/stm32cubeide/plugins/com.st.stm32cube.ide.mcu.externaltools.gnu-tools-for-stm32.10.3-2021.10.win32_1.0.0.202111181127/tools/bin/../lib/gcc/arm-none-eabi/10.3.1/../../../../arm-none-eabi/lib/thumb/v7e-m+fp/hard\libc_nano.a(lib_a-lock.o)
 .ARM.attributes
                0x000000000000087b       0x1e c:/st/stm32cubeide_1.10.1/stm32cubeide/plugins/com.st.stm32cube.ide.mcu.externaltools.gnu-tools-for-stm32.10.3-2021.10.win32_1.0.0.202111181127/tools/bin/../lib/gcc/arm-none-eabi/10.3.1/thumb/v7e-m+fp/hard\libgcc.a(_arm_addsubdf3.o)
 .ARM.attributes
                0x0000000000000899       0x1e c:/st/stm32cubeide_1.10.1/stm32cubeide/plugins/com.st.stm32cube.ide.mcu.externaltools.gnu-tools-for-stm32.10.3-2021.10.win32_1.0.0.202111181127/tools/bin/../lib/gcc/arm-none-eabi/10.3.1/thumb/v7e-m+fp/hard\libgcc.a(_arm_muldivdf3.o)
 .ARM.attributes
                0x00000000000008b7       0x1e c:/st/stm32cubeide_1.10.1/stm32cubeide/plugins/com.st.stm32cube.ide.mcu.externaltools.gnu-tools-for-stm32.10.3-2021.10.win32_1.0.0.202111181127/tools/bin/../lib/gcc/arm-none-eabi/10.3.1/thumb/v7e-m+fp/hard\libgcc.a(_arm_fixdfsi.o)
 .ARM.attributes
                0x00000000000008d5       0x1e c:/st/stm32cubeide_1.10.1/stm32cubeide/plugins/com.st.stm32cube.ide.mcu.externaltools.gnu-tools-for-stm32.10.3-2021.10.win32_1.0.0.202111181127/tools/bin/../lib/gcc/arm-none-eabi/10.3.1/thumb/v7e-m+fp/hard\libgcc.a(_aeabi_uldivmod.o)
 .ARM.attributes
                0x00000000000008f3       0x34 c:/st/stm32cubeide_1.10.1/stm32cubeide/plugins/com.st.stm32cube.ide.mcu.externaltools.gnu-tools-for-stm32.10.3-2021.10.win32_1.0.0.202111181127/tools/bin/../lib/gcc/arm-none-eabi/10.3.1/thumb/v7e-m+fp/hard\libgcc.a(_udivmoddi4.o)
 .ARM.attributes
                0x0000000000000927       0x1e c:/st/stm32cubeide_1.10.1/stm32cubeide/plugins/com.st.stm32cube.ide.mcu.externaltools.gnu-tools-for-stm32.10.3-2021.10.win32_1.0.0.202111181127/tools/bin/../lib/gcc/arm-none-eabi/10.3.1/thumb/v7e-m+fp/hard\libgcc.a(_dvmd_tls.o)
 .ARM.attributes
                0x0000000000000945       0x1e c:/st/stm32cubeide_1.10.1/stm32cubeide/plugins/com.st.stm32cube.ide.mcu.externaltools.gnu-tools-for-stm32.10.3-2021.10.win32_1.0.0.202111181127/tools/bin/../lib/gcc/arm-none-eabi/10.3.1/thumb/v7e-m+fp/hard/crtn.o
OUTPUT(P1_1.elf elf32-littlearm)
LOAD linker stubs
LOAD c:/st/stm32cubeide_1.10.1/stm32cubeide/plugins/com.st.stm32cube.ide.mcu.externaltools.gnu-tools-for-stm32.10.3-2021.10.win32_1.0.0.202111181127/tools/bin/../lib/gcc/arm-none-eabi/10.3.1/../../../../arm-none-eabi/lib/thumb/v7e-m+fp/hard\libc.a
LOAD c:/st/stm32cubeide_1.10.1/stm32cubeide/plugins/com.st.stm32cube.ide.mcu.externaltools.gnu-tools-for-stm32.10.3-2021.10.win32_1.0.0.202111181127/tools/bin/../lib/gcc/arm-none-eabi/10.3.1/../../../../arm-none-eabi/lib/thumb/v7e-m+fp/hard\libm.a
LOAD c:/st/stm32cubeide_1.10.1/stm32cubeide/plugins/com.st.stm32cube.ide.mcu.externaltools.gnu-tools-for-stm32.10.3-2021.10.win32_1.0.0.202111181127/tools/bin/../lib/gcc/arm-none-eabi/10.3.1/thumb/v7e-m+fp/hard\libgcc.a

.debug_info     0x0000000000000000    0x15ae1
 .debug_info    0x0000000000000000     0x1097 ./Core/Src/LCD_driver.o
 .debug_info    0x0000000000001097      0x1fe ./Core/Src/fonts.o
 .debug_info    0x0000000000001295      0x646 ./Core/Src/global.o
 .debug_info    0x00000000000018db      0x322 ./Core/Src/input_reading.o
 .debug_info    0x0000000000001bfd     0x1fe7 ./Core/Src/main.o
 .debug_info    0x0000000000003be4      0x1df ./Core/Src/software_timer.o
 .debug_info    0x0000000000003dc3     0x125e ./Core/Src/st7789.o
 .debug_info    0x0000000000005021     0x19ec ./Core/Src/stm32f4xx_hal_msp.o
 .debug_info    0x0000000000006a0d     0x10aa ./Core/Src/stm32f4xx_it.o
 .debug_info    0x0000000000007ab7      0x171 ./Core/Src/sysmem.o
 .debug_info    0x0000000000007c28      0x523 ./Core/Src/system_stm32f4xx.o
 .debug_info    0x000000000000814b       0x22 ./Core/Startup/startup_stm32f405rgtx.o
 .debug_info    0x000000000000816d      0x96a ./Drivers/STM32F4xx_HAL_Driver/Src/stm32f4xx_hal.o
 .debug_info    0x0000000000008ad7      0xd70 ./Drivers/STM32F4xx_HAL_Driver/Src/stm32f4xx_hal_adc.o
 .debug_info    0x0000000000009847      0xfc0 ./Drivers/STM32F4xx_HAL_Driver/Src/stm32f4xx_hal_can.o
 .debug_info    0x000000000000a807      0xe09 ./Drivers/STM32F4xx_HAL_Driver/Src/stm32f4xx_hal_cortex.o
 .debug_info    0x000000000000b610      0x94f ./Drivers/STM32F4xx_HAL_Driver/Src/stm32f4xx_hal_dma.o
 .debug_info    0x000000000000bf5f      0x76a ./Drivers/STM32F4xx_HAL_Driver/Src/stm32f4xx_hal_gpio.o
 .debug_info    0x000000000000c6c9      0x966 ./Drivers/STM32F4xx_HAL_Driver/Src/stm32f4xx_hal_rcc.o
 .debug_info    0x000000000000d02f     0x1758 ./Drivers/STM32F4xx_HAL_Driver/Src/stm32f4xx_hal_spi.o
 .debug_info    0x000000000000e787     0x2bbe ./Drivers/STM32F4xx_HAL_Driver/Src/stm32f4xx_hal_tim.o
 .debug_info    0x0000000000011345     0x15e0 ./Drivers/STM32F4xx_HAL_Driver/Src/stm32f4xx_hal_tim_ex.o
 .debug_info    0x0000000000012925     0x31bc ./Drivers/STM32F4xx_HAL_Driver/Src/stm32f4xx_hal_uart.o

.debug_abbrev   0x0000000000000000     0x2d64
 .debug_abbrev  0x0000000000000000      0x28c ./Core/Src/LCD_driver.o
 .debug_abbrev  0x000000000000028c       0xcc ./Core/Src/fonts.o
 .debug_abbrev  0x0000000000000358      0x144 ./Core/Src/global.o
 .debug_abbrev  0x000000000000049c      0x18e ./Core/Src/input_reading.o
 .debug_abbrev  0x000000000000062a      0x392 ./Core/Src/main.o
 .debug_abbrev  0x00000000000009bc       0xce ./Core/Src/software_timer.o
 .debug_abbrev  0x0000000000000a8a      0x27e ./Core/Src/st7789.o
 .debug_abbrev  0x0000000000000d08      0x23b ./Core/Src/stm32f4xx_hal_msp.o
 .debug_abbrev  0x0000000000000f43      0x1cd ./Core/Src/stm32f4xx_it.o
 .debug_abbrev  0x0000000000001110       0xbb ./Core/Src/sysmem.o
 .debug_abbrev  0x00000000000011cb      0x116 ./Core/Src/system_stm32f4xx.o
 .debug_abbrev  0x00000000000012e1       0x12 ./Core/Startup/startup_stm32f405rgtx.o
 .debug_abbrev  0x00000000000012f3      0x20d ./Drivers/STM32F4xx_HAL_Driver/Src/stm32f4xx_hal.o
 .debug_abbrev  0x0000000000001500      0x244 ./Drivers/STM32F4xx_HAL_Driver/Src/stm32f4xx_hal_adc.o
 .debug_abbrev  0x0000000000001744      0x21d ./Drivers/STM32F4xx_HAL_Driver/Src/stm32f4xx_hal_can.o
 .debug_abbrev  0x0000000000001961      0x316 ./Drivers/STM32F4xx_HAL_Driver/Src/stm32f4xx_hal_cortex.o
 .debug_abbrev  0x0000000000001c77      0x25b ./Drivers/STM32F4xx_HAL_Driver/Src/stm32f4xx_hal_dma.o
 .debug_abbrev  0x0000000000001ed2      0x1c4 ./Drivers/STM32F4xx_HAL_Driver/Src/stm32f4xx_hal_gpio.o
 .debug_abbrev  0x0000000000002096      0x2aa ./Drivers/STM32F4xx_HAL_Driver/Src/stm32f4xx_hal_rcc.o
 .debug_abbrev  0x0000000000002340      0x26e ./Drivers/STM32F4xx_HAL_Driver/Src/stm32f4xx_hal_spi.o
 .debug_abbrev  0x00000000000025ae      0x25d ./Drivers/STM32F4xx_HAL_Driver/Src/stm32f4xx_hal_tim.o
 .debug_abbrev  0x000000000000280b      0x265 ./Drivers/STM32F4xx_HAL_Driver/Src/stm32f4xx_hal_tim_ex.o
 .debug_abbrev  0x0000000000002a70      0x2f4 ./Drivers/STM32F4xx_HAL_Driver/Src/stm32f4xx_hal_uart.o

.debug_aranges  0x0000000000000000     0x12c8
 .debug_aranges
                0x0000000000000000       0xc8 ./Core/Src/LCD_driver.o
 .debug_aranges
                0x00000000000000c8       0x18 ./Core/Src/fonts.o
 .debug_aranges
                0x00000000000000e0       0x18 ./Core/Src/global.o
 .debug_aranges
                0x00000000000000f8       0x38 ./Core/Src/input_reading.o
 .debug_aranges
                0x0000000000000130       0x88 ./Core/Src/main.o
 .debug_aranges
                0x00000000000001b8       0x40 ./Core/Src/software_timer.o
 .debug_aranges
                0x00000000000001f8       0xd0 ./Core/Src/st7789.o
 .debug_aranges
                0x00000000000002c8       0x70 ./Core/Src/stm32f4xx_hal_msp.o
 .debug_aranges
                0x0000000000000338       0x80 ./Core/Src/stm32f4xx_it.o
 .debug_aranges
                0x00000000000003b8       0x20 ./Core/Src/sysmem.o
 .debug_aranges
                0x00000000000003d8       0x28 ./Core/Src/system_stm32f4xx.o
 .debug_aranges
                0x0000000000000400       0x28 ./Core/Startup/startup_stm32f405rgtx.o
 .debug_aranges
                0x0000000000000428       0xf0 ./Drivers/STM32F4xx_HAL_Driver/Src/stm32f4xx_hal.o
 .debug_aranges
                0x0000000000000518       0xe8 ./Drivers/STM32F4xx_HAL_Driver/Src/stm32f4xx_hal_adc.o
 .debug_aranges
                0x0000000000000600      0x138 ./Drivers/STM32F4xx_HAL_Driver/Src/stm32f4xx_hal_can.o
 .debug_aranges
                0x0000000000000738      0x118 ./Drivers/STM32F4xx_HAL_Driver/Src/stm32f4xx_hal_cortex.o
 .debug_aranges
                0x0000000000000850       0x90 ./Drivers/STM32F4xx_HAL_Driver/Src/stm32f4xx_hal_dma.o
 .debug_aranges
                0x00000000000008e0       0x58 ./Drivers/STM32F4xx_HAL_Driver/Src/stm32f4xx_hal_gpio.o
 .debug_aranges
                0x0000000000000938       0x88 ./Drivers/STM32F4xx_HAL_Driver/Src/stm32f4xx_hal_rcc.o
 .debug_aranges
                0x00000000000009c0      0x1d0 ./Drivers/STM32F4xx_HAL_Driver/Src/stm32f4xx_hal_spi.o
 .debug_aranges
                0x0000000000000b90      0x3d0 ./Drivers/STM32F4xx_HAL_Driver/Src/stm32f4xx_hal_tim.o
 .debug_aranges
                0x0000000000000f60      0x168 ./Drivers/STM32F4xx_HAL_Driver/Src/stm32f4xx_hal_tim_ex.o
 .debug_aranges
                0x00000000000010c8      0x200 ./Drivers/STM32F4xx_HAL_Driver/Src/stm32f4xx_hal_uart.o

.debug_ranges   0x0000000000000000     0x1180
 .debug_ranges  0x0000000000000000       0xb8 ./Core/Src/LCD_driver.o
 .debug_ranges  0x00000000000000b8       0x28 ./Core/Src/input_reading.o
 .debug_ranges  0x00000000000000e0       0x78 ./Core/Src/main.o
 .debug_ranges  0x0000000000000158       0x30 ./Core/Src/software_timer.o
 .debug_ranges  0x0000000000000188       0xc0 ./Core/Src/st7789.o
 .debug_ranges  0x0000000000000248       0x60 ./Core/Src/stm32f4xx_hal_msp.o
 .debug_ranges  0x00000000000002a8       0x70 ./Core/Src/stm32f4xx_it.o
 .debug_ranges  0x0000000000000318       0x10 ./Core/Src/sysmem.o
 .debug_ranges  0x0000000000000328       0x18 ./Core/Src/system_stm32f4xx.o
 .debug_ranges  0x0000000000000340       0x20 ./Core/Startup/startup_stm32f405rgtx.o
 .debug_ranges  0x0000000000000360       0xe0 ./Drivers/STM32F4xx_HAL_Driver/Src/stm32f4xx_hal.o
 .debug_ranges  0x0000000000000440       0xd8 ./Drivers/STM32F4xx_HAL_Driver/Src/stm32f4xx_hal_adc.o
 .debug_ranges  0x0000000000000518      0x128 ./Drivers/STM32F4xx_HAL_Driver/Src/stm32f4xx_hal_can.o
 .debug_ranges  0x0000000000000640      0x108 ./Drivers/STM32F4xx_HAL_Driver/Src/stm32f4xx_hal_cortex.o
 .debug_ranges  0x0000000000000748       0x80 ./Drivers/STM32F4xx_HAL_Driver/Src/stm32f4xx_hal_dma.o
 .debug_ranges  0x00000000000007c8       0x48 ./Drivers/STM32F4xx_HAL_Driver/Src/stm32f4xx_hal_gpio.o
 .debug_ranges  0x0000000000000810       0x78 ./Drivers/STM32F4xx_HAL_Driver/Src/stm32f4xx_hal_rcc.o
 .debug_ranges  0x0000000000000888      0x1c0 ./Drivers/STM32F4xx_HAL_Driver/Src/stm32f4xx_hal_spi.o
 .debug_ranges  0x0000000000000a48      0x3c0 ./Drivers/STM32F4xx_HAL_Driver/Src/stm32f4xx_hal_tim.o
 .debug_ranges  0x0000000000000e08      0x158 ./Drivers/STM32F4xx_HAL_Driver/Src/stm32f4xx_hal_tim_ex.o
 .debug_ranges  0x0000000000000f60      0x220 ./Drivers/STM32F4xx_HAL_Driver/Src/stm32f4xx_hal_uart.o

.debug_macro    0x0000000000000000    0x226d0
 .debug_macro   0x0000000000000000      0x333 ./Core/Src/LCD_driver.o
 .debug_macro   0x0000000000000333      0xa78 ./Core/Src/LCD_driver.o
 .debug_macro   0x0000000000000dab      0x2ad ./Core/Src/LCD_driver.o
 .debug_macro   0x0000000000001058       0x2e ./Core/Src/LCD_driver.o
 .debug_macro   0x0000000000001086       0x2f ./Core/Src/LCD_driver.o
 .debug_macro   0x00000000000010b5       0x22 ./Core/Src/LCD_driver.o
 .debug_macro   0x00000000000010d7       0x8e ./Core/Src/LCD_driver.o
 .debug_macro   0x0000000000001165       0x51 ./Core/Src/LCD_driver.o
 .debug_macro   0x00000000000011b6      0x103 ./Core/Src/LCD_driver.o
 .debug_macro   0x00000000000012b9       0x6a ./Core/Src/LCD_driver.o
 .debug_macro   0x0000000000001323      0x1df ./Core/Src/LCD_driver.o
 .debug_macro   0x0000000000001502       0x1c ./Core/Src/LCD_driver.o
 .debug_macro   0x000000000000151e       0x22 ./Core/Src/LCD_driver.o
 .debug_macro   0x0000000000001540       0xd9 ./Core/Src/LCD_driver.o
 .debug_macro   0x0000000000001619     0x102d ./Core/Src/LCD_driver.o
 .debug_macro   0x0000000000002646      0x11f ./Core/Src/LCD_driver.o
 .debug_macro   0x0000000000002765    0x1426d ./Core/Src/LCD_driver.o
 .debug_macro   0x00000000000169d2       0x6d ./Core/Src/LCD_driver.o
 .debug_macro   0x0000000000016a3f     0x367e ./Core/Src/LCD_driver.o
 .debug_macro   0x000000000001a0bd      0x174 ./Core/Src/LCD_driver.o
 .debug_macro   0x000000000001a231       0x5c ./Core/Src/LCD_driver.o
 .debug_macro   0x000000000001a28d      0x8a7 ./Core/Src/LCD_driver.o
 .debug_macro   0x000000000001ab34      0x9fe ./Core/Src/LCD_driver.o
 .debug_macro   0x000000000001b532      0x115 ./Core/Src/LCD_driver.o
 .debug_macro   0x000000000001b647      0x130 ./Core/Src/LCD_driver.o
 .debug_macro   0x000000000001b777       0xa5 ./Core/Src/LCD_driver.o
 .debug_macro   0x000000000001b81c      0x174 ./Core/Src/LCD_driver.o
 .debug_macro   0x000000000001b990      0x287 ./Core/Src/LCD_driver.o
 .debug_macro   0x000000000001bc17       0x5f ./Core/Src/LCD_driver.o
 .debug_macro   0x000000000001bc76      0x236 ./Core/Src/LCD_driver.o
 .debug_macro   0x000000000001beac      0xb5b ./Core/Src/LCD_driver.o
 .debug_macro   0x000000000001ca07      0x38b ./Core/Src/LCD_driver.o
 .debug_macro   0x000000000001cd92      0x176 ./Core/Src/LCD_driver.o
 .debug_macro   0x000000000001cf08       0xf9 ./Core/Src/LCD_driver.o
 .debug_macro   0x000000000001d001      0x40f ./Core/Src/LCD_driver.o
 .debug_macro   0x000000000001d410      0x12c ./Core/Src/LCD_driver.o
 .debug_macro   0x000000000001d53c      0x21e ./Core/Src/LCD_driver.o
 .debug_macro   0x000000000001d75a       0x2e ./Core/Src/LCD_driver.o
 .debug_macro   0x000000000001d788      0x11a ./Core/Src/LCD_driver.o
 .debug_macro   0x000000000001d8a2       0x7e ./Core/Src/LCD_driver.o
 .debug_macro   0x000000000001d920       0x89 ./Core/Src/LCD_driver.o
 .debug_macro   0x000000000001d9a9      0x225 ./Core/Src/LCD_driver.o
 .debug_macro   0x000000000001dbce      0x8e6 ./Core/Src/LCD_driver.o
 .debug_macro   0x000000000001e4b4       0x47 ./Core/Src/LCD_driver.o
 .debug_macro   0x000000000001e4fb      0x295 ./Core/Src/LCD_driver.o
 .debug_macro   0x000000000001e790      0x12d ./Core/Src/LCD_driver.o
 .debug_macro   0x000000000001e8bd       0x70 ./Core/Src/LCD_driver.o
 .debug_macro   0x000000000001e92d       0x52 ./Core/Src/LCD_driver.o
 .debug_macro   0x000000000001e97f       0x1e ./Core/Src/LCD_driver.o
 .debug_macro   0x000000000001e99d       0x3c ./Core/Src/LCD_driver.o
 .debug_macro   0x000000000001e9d9       0x34 ./Core/Src/LCD_driver.o
 .debug_macro   0x000000000001ea0d       0x16 ./Core/Src/LCD_driver.o
 .debug_macro   0x000000000001ea23       0x43 ./Core/Src/LCD_driver.o
 .debug_macro   0x000000000001ea66       0x34 ./Core/Src/LCD_driver.o
 .debug_macro   0x000000000001ea9a       0x10 ./Core/Src/LCD_driver.o
 .debug_macro   0x000000000001eaaa       0x58 ./Core/Src/LCD_driver.o
 .debug_macro   0x000000000001eb02       0x71 ./Core/Src/LCD_driver.o
 .debug_macro   0x000000000001eb73       0x1c ./Core/Src/LCD_driver.o
 .debug_macro   0x000000000001eb8f      0x12a ./Core/Src/LCD_driver.o
 .debug_macro   0x000000000001ecb9      0x341 ./Core/Src/LCD_driver.o
 .debug_macro   0x000000000001effa      0x19b ./Core/Src/LCD_driver.o
 .debug_macro   0x000000000001f195       0x16 ./Core/Src/LCD_driver.o
 .debug_macro   0x000000000001f1ab       0x35 ./Core/Src/LCD_driver.o
 .debug_macro   0x000000000001f1e0       0x16 ./Core/Src/LCD_driver.o
 .debug_macro   0x000000000001f1f6       0x29 ./Core/Src/LCD_driver.o
 .debug_macro   0x000000000001f21f       0xc4 ./Core/Src/LCD_driver.o
 .debug_macro   0x000000000001f2e3       0x6c ./Core/Src/fonts.o
 .debug_macro   0x000000000001f34f       0x10 ./Core/Src/fonts.o
 .debug_macro   0x000000000001f35f      0x23b ./Core/Src/global.o
 .debug_macro   0x000000000001f59a      0x257 ./Core/Src/input_reading.o
 .debug_macro   0x000000000001f7f1      0x42b ./Core/Src/main.o
 .debug_macro   0x000000000001fc1c       0x16 ./Core/Src/main.o
 .debug_macro   0x000000000001fc32       0x10 ./Core/Src/main.o
 .debug_macro   0x000000000001fc42       0x10 ./Core/Src/main.o
 .debug_macro   0x000000000001fc52       0x1c ./Core/Src/main.o
 .debug_macro   0x000000000001fc6e       0x52 ./Core/Src/main.o
 .debug_macro   0x000000000001fcc0       0x22 ./Core/Src/main.o
 .debug_macro   0x000000000001fce2       0x10 ./Core/Src/main.o
 .debug_macro   0x000000000001fcf2       0x52 ./Core/Src/main.o
 .debug_macro   0x000000000001fd44       0xd5 ./Core/Src/main.o
 .debug_macro   0x000000000001fe19       0x1c ./Core/Src/main.o
 .debug_macro   0x000000000001fe35       0x3d ./Core/Src/main.o
 .debug_macro   0x000000000001fe72       0x16 ./Core/Src/main.o
 .debug_macro   0x000000000001fe88      0x145 ./Core/Src/main.o
 .debug_macro   0x000000000001ffcd       0x10 ./Core/Src/main.o
 .debug_macro   0x000000000001ffdd      0x1ec ./Core/Src/main.o
 .debug_macro   0x00000000000201c9      0x23f ./Core/Src/software_timer.o
 .debug_macro   0x0000000000020408      0x230 ./Core/Src/st7789.o
 .debug_macro   0x0000000000020638      0x219 ./Core/Src/stm32f4xx_hal_msp.o
 .debug_macro   0x0000000000020851      0x223 ./Core/Src/stm32f4xx_it.o
 .debug_macro   0x0000000000020a74       0xff ./Core/Src/sysmem.o
 .debug_macro   0x0000000000020b73      0x23b ./Core/Src/sysmem.o
 .debug_macro   0x0000000000020dae      0x20a ./Core/Src/system_stm32f4xx.o
 .debug_macro   0x0000000000020fb8      0x26a ./Drivers/STM32F4xx_HAL_Driver/Src/stm32f4xx_hal.o
 .debug_macro   0x0000000000021222      0x20b ./Drivers/STM32F4xx_HAL_Driver/Src/stm32f4xx_hal_adc.o
 .debug_macro   0x000000000002142d      0x212 ./Drivers/STM32F4xx_HAL_Driver/Src/stm32f4xx_hal_can.o
 .debug_macro   0x000000000002163f      0x20a ./Drivers/STM32F4xx_HAL_Driver/Src/stm32f4xx_hal_cortex.o
 .debug_macro   0x0000000000021849      0x210 ./Drivers/STM32F4xx_HAL_Driver/Src/stm32f4xx_hal_dma.o
 .debug_macro   0x0000000000021a59      0x210 ./Drivers/STM32F4xx_HAL_Driver/Src/stm32f4xx_hal_gpio.o
 .debug_macro   0x0000000000021c69      0x22e ./Drivers/STM32F4xx_HAL_Driver/Src/stm32f4xx_hal_rcc.o
 .debug_macro   0x0000000000021e97      0x219 ./Drivers/STM32F4xx_HAL_Driver/Src/stm32f4xx_hal_spi.o
 .debug_macro   0x00000000000220b0      0x20b ./Drivers/STM32F4xx_HAL_Driver/Src/stm32f4xx_hal_tim.o
 .debug_macro   0x00000000000222bb      0x20a ./Drivers/STM32F4xx_HAL_Driver/Src/stm32f4xx_hal_tim_ex.o
 .debug_macro   0x00000000000224c5      0x20b ./Drivers/STM32F4xx_HAL_Driver/Src/stm32f4xx_hal_uart.o

.debug_line     0x0000000000000000    0x161c3
 .debug_line    0x0000000000000000      0xf7f ./Core/Src/LCD_driver.o
 .debug_line    0x0000000000000f7f      0x37f ./Core/Src/fonts.o
 .debug_line    0x00000000000012fe      0x740 ./Core/Src/global.o
 .debug_line    0x0000000000001a3e      0x8b3 ./Core/Src/input_reading.o
 .debug_line    0x00000000000022f1      0xe90 ./Core/Src/main.o
 .debug_line    0x0000000000003181      0x828 ./Core/Src/software_timer.o
 .debug_line    0x00000000000039a9      0xde4 ./Core/Src/st7789.o
 .debug_line    0x000000000000478d      0x8b2 ./Core/Src/stm32f4xx_hal_msp.o
 .debug_line    0x000000000000503f      0x853 ./Core/Src/stm32f4xx_it.o
 .debug_line    0x0000000000005892      0x4ea ./Core/Src/sysmem.o
 .debug_line    0x0000000000005d7c      0x7b2 ./Core/Src/system_stm32f4xx.o
 .debug_line    0x000000000000652e       0x88 ./Core/Startup/startup_stm32f405rgtx.o
 .debug_line    0x00000000000065b6      0xa18 ./Drivers/STM32F4xx_HAL_Driver/Src/stm32f4xx_hal.o
 .debug_line    0x0000000000006fce     0x128e ./Drivers/STM32F4xx_HAL_Driver/Src/stm32f4xx_hal_adc.o
 .debug_line    0x000000000000825c     0x1184 ./Drivers/STM32F4xx_HAL_Driver/Src/stm32f4xx_hal_can.o
 .debug_line    0x00000000000093e0      0xcc7 ./Drivers/STM32F4xx_HAL_Driver/Src/stm32f4xx_hal_cortex.o