../Core/Src/main.c:89:6:HAL_CAN_RxFifo0MsgPendingCallback	16	static
../Core/Src/main.c:96:6:do_service_22	32	static
../Core/Src/main.c:122:6:do_service_2E	8	static
../Core/Src/main.c:196:6:do_service_27	8	static
../Core/Src/main.c:258:5:main	16	static
../Core/Src/main.c:328:6:SystemClock_Config	88	static
../Core/Src/main.c:374:13:MX_ADC1_Init	24	static
../Core/Src/main.c:426:13:MX_CAN1_Init	48	static
../Core/Src/main.c:476:13:MX_SPI1_Init	8	static
../Core/Src/main.c:514:13:MX_TIM2_Init	40	static
../Core/Src/main.c:559:13:MX_USART1_UART_Init	8	static
../Core/Src/main.c:592:13:MX_GPIO_Init	48	static
../Core/Src/main.c:638:6:HAL_TIM_PeriodElapsedCallback	16	static
../Core/Src/main.c:651:6:Error_Handler	4	static,ignoring_inline_asm
